 zlibwapi

 Timestamp is 56a29f4e (Fri Jan 22 23:29:50 2016)

 Preferred load address is 10000000

 Start         Length     Name                   Class
 0001:00000000 000191baH .text                   CODE
 0002:00000000 0000011cH .idata$5                DATA
 0002:0000011c 00000004H .CRT$XCA                DATA
 0002:00000120 00000004H .CRT$XCZ                DATA
 0002:00000124 00000004H .CRT$XIA                DATA
 0002:00000128 00000010H .CRT$XIC                DATA
 0002:00000138 00000004H .CRT$XIZ                DATA
 0002:0000013c 00000004H .CRT$XPA                DATA
 0002:00000140 00000008H .CRT$XPX                DATA
 0002:00000148 00000004H .CRT$XPXA               DATA
 0002:0000014c 00000004H .CRT$XPZ                DATA
 0002:00000150 00000004H .CRT$XTA                DATA
 0002:00000154 00000004H .CRT$XTZ                DATA
 0002:00000158 00005f50H .rdata                  DATA
 0002:000060b0 0000000cH .rdata$sxdata           DATA
 0002:000060bc 00000004H .rtc$IAA                DATA
 0002:000060c0 00000004H .rtc$IZZ                DATA
 0002:000060c4 00000004H .rtc$TAA                DATA
 0002:000060c8 00000004H .rtc$TZZ                DATA
 0002:000060d0 0000045cH .xdata$x                DATA
 0002:0000652c 00000014H .idata$2                DATA
 0002:00006540 00000014H .idata$3                DATA
 0002:00006554 0000011cH .idata$4                DATA
 0002:00006670 00000512H .idata$6                DATA
 0002:00006b90 00000c44H .edata                  DATA
 0003:00000000 00000ed0H .data                   DATA
 0003:00000ee0 00001dc4H .bss                    DATA
 0004:00000000 00000058H .rsrc$01                DATA
 0004:00000060 00000338H .rsrc$02                DATA

  Address         Publics by Value              Rva+Base       Lib:Object

 0000:00000000       __except_list              00000000     <absolute>
 0000:00000003       ___safe_se_handler_count   00000003     <absolute>
 0000:00000000       ___ImageBase               10000000     <linker-defined>
 0001:00000000       _adler32@12                10001000 f   adler32.obj
 0001:00000340       _adler32_combine@12        10001340 f   adler32.obj
 0001:00000360       _compress2@20              10001360 f   compress.obj
 0001:00000410       _compress@16               10001410 f   compress.obj
 0001:00000430       _compressBound@4           10001430 f   compress.obj
 0001:00000450       _get_crc_table@0           10001450 f   crc32.obj
 0001:00000460       _crc32@12                  10001460 f   crc32.obj
 0001:000008a0       _crc32_combine@12          100018a0 f   crc32.obj
 0001:000008c0       _deflateInit_@16           100018c0 f   deflate.obj
 0001:000008e0       _deflateInit2_@32          100018e0 f   deflate.obj
 0001:00000b10       _deflateSetDictionary@12   10001b10 f   deflate.obj
 0001:00000cb0       _deflateResetKeep@4        10001cb0 f   deflate.obj
 0001:00000d60       _deflateReset@4            10001d60 f   deflate.obj
 0001:00000d90       _deflateSetHeader@8        10001d90 f   deflate.obj
 0001:00000dc0       _deflatePending@12         10001dc0 f   deflate.obj
 0001:00000e00       _deflatePrime@12           10001e00 f   deflate.obj
 0001:00000e90       _deflateParams@12          10001e90 f   deflate.obj
 0001:00000f90       _deflateTune@20            10001f90 f   deflate.obj
 0001:00000fe0       _deflateBound@8            10001fe0 f   deflate.obj
 0001:00001150       _deflate@8                 10002150 f   deflate.obj
 0001:000019c0       _deflateEnd@4              100029c0 f   deflate.obj
 0001:00001aa0       _deflateCopy@8             10002aa0 f   deflate.obj
 0001:00002be0       _gzclose@4                 10003be0 f   gzclose.obj
 0001:00002f60       _gzopen@8                  10003f60 f   gzlib.obj
 0001:00002f80       _gzdopen@8                 10003f80 f   gzlib.obj
 0001:00002fe0       _gzopen_w@8                10003fe0 f   gzlib.obj
 0001:00003000       _gzbuffer@8                10004000 f   gzlib.obj
 0001:00003040       _gzrewind@4                10004040 f   gzlib.obj
 0001:000030a0       _gzseek64@16               100040a0 f   gzlib.obj
 0001:00003230       _gzseek@12                 10004230 f   gzlib.obj
 0001:00003270       _gztell64@4                10004270 f   gzlib.obj
 0001:000032d0       _gztell@4                  100042d0 f   gzlib.obj
 0001:00003300       _gzoffset64@4              10004300 f   gzlib.obj
 0001:00003350       _gzoffset@4                10004350 f   gzlib.obj
 0001:00003380       _gzeof@4                   10004380 f   gzlib.obj
 0001:000033c0       _gzerror@8                 100043c0 f   gzlib.obj
 0001:00003410       _gzclearerr@4              10004410 f   gzlib.obj
 0001:00003450       _gz_error                  10004450 f   gzlib.obj
 0001:000039b0       _gzread@12                 100049b0 f   gzread.obj
 0001:00003b00       _gzgetc@4                  10004b00 f   gzread.obj
 0001:00003b60       _gzgetc_@4                 10004b60 f   gzread.obj
 0001:00003b70       _gzungetc@8                10004b70 f   gzread.obj
 0001:00003c50       _gzgets@12                 10004c50 f   gzread.obj
 0001:00003d60       _gzdirect@4                10004d60 f   gzread.obj
 0001:00003da0       _gzclose_r@4               10004da0 f   gzread.obj
 0001:00004110       _gzwrite@12                10005110 f   gzwrite.obj
 0001:00004230       _gzputc@8                  10005230 f   gzwrite.obj
 0001:000042e0       _gzputs@8                  100052e0 f   gzwrite.obj
 0001:00004320       _gzvprintf                 10005320 f   gzwrite.obj
 0001:000043e0       _gzprintf                  100053e0 f   gzwrite.obj
 0001:00004400       _gzflush@8                 10005400 f   gzwrite.obj
 0001:00004470       _gzsetparams@12            10005470 f   gzwrite.obj
 0001:00004520       _gzclose_w@4               10005520 f   gzwrite.obj
 0001:000045e0       _inflateBackInit_@20       100055e0 f   infback.obj
 0001:000046e0       _inflateBack@20            100056e0 f   infback.obj
 0001:000054d0       _inflateBackEnd@4          100064d0 f   infback.obj
 0001:00005510       _inflateResetKeep@4        10006510 f   inflate.obj
 0001:000055c0       _inflateReset@4            100065c0 f   inflate.obj
 0001:00005600       _inflateReset2@8           10006600 f   inflate.obj
 0001:00005690       _inflateInit2_@16          10006690 f   inflate.obj
 0001:00005750       _inflateInit_@12           10006750 f   inflate.obj
 0001:00005770       _inflatePrime@12           10006770 f   inflate.obj
 0001:00005900       _inflate@8                 10006900 f   inflate.obj
 0001:00006f60       _inflateEnd@4              10007f60 f   inflate.obj
 0001:00006fb0       _inflateGetDictionary@12   10007fb0 f   inflate.obj
 0001:00007020       _inflateSetDictionary@12   10008020 f   inflate.obj
 0001:000070c0       _inflateGetHeader@8        100080c0 f   inflate.obj
 0001:00007180       _inflateSync@4             10008180 f   inflate.obj
 0001:00007270       _inflateSyncPoint@4        10008270 f   inflate.obj
 0001:000072b0       _inflateCopy@8             100082b0 f   inflate.obj
 0001:00007410       _inflateUndermine@8        10008410 f   inflate.obj
 0001:00007440       _inflateMark@4             10008440 f   inflate.obj
 0001:000074b0       _inflate_table             100084b0 f   inftrees.obj
 0001:00007880       _call_zopen64              10008880 f   ioapi.obj
 0001:000078a0       _call_zseek64              100088a0 f   ioapi.obj
 0001:00007900       _call_ztell64              10008900 f   ioapi.obj
 0001:00007930       _fill_zlib_filefunc64_32_def_from_filefunc32 10008930 f   ioapi.obj
 0001:00007a90       _fill_fopen64_filefunc     10008a90 f   ioapi.obj
 0001:00007b80       _win32_open64_file_func    10008b80 f   iowin32.obj
 0001:00007b80       _win32_open64_file_funcA   10008b80 f   iowin32.obj
 0001:00007b80       _win32_open_file_func      10008b80 f   iowin32.obj
 0001:00007be0       _win32_open64_file_funcW   10008be0 f   iowin32.obj
 0001:00007c40       _win32_read_file_func      10008c40 f   iowin32.obj
 0001:00007c90       _win32_write_file_func     10008c90 f   iowin32.obj
 0001:00007d40       _win32_tell_file_func      10008d40 f   iowin32.obj
 0001:00007d90       _win32_tell64_file_func    10008d90 f   iowin32.obj
 0001:00007df0       _win32_seek_file_func      10008df0 f   iowin32.obj
 0001:00007e50       _win32_seek64_file_func    10008e50 f   iowin32.obj
 0001:00007eb0       _win32_close_file_func     10008eb0 f   iowin32.obj
 0001:00007ee0       _win32_error_file_func     10008ee0 f   iowin32.obj
 0001:00007f00       _fill_win32_filefunc       10008f00 f   iowin32.obj
 0001:00007f40       _fill_win32_filefunc64     10008f40 f   iowin32.obj
 0001:00007f40       _fill_win32_filefunc64A    10008f40 f   iowin32.obj
 0001:00007f80       _fill_win32_filefunc64W    10008f80 f   iowin32.obj
 0001:00007fc0       __tr_init                  10008fc0 f   trees.obj
 0001:00008f40       __tr_stored_block          10009f40 f   trees.obj
 0001:00008fd0       __tr_flush_bits            10009fd0 f   trees.obj
 0001:00008fe0       __tr_align                 10009fe0 f   trees.obj
 0001:000090d0       __tr_flush_block           1000a0d0 f   trees.obj
 0001:000098a0       _uncompress@16             1000a8a0 f   uncompr.obj
 0001:00009c80       _unzStringFileNameCompare@12 1000ac80 f   unzip.obj
 0001:0000a540       _unzOpen2@8                1000b540 f   unzip.obj
 0001:0000a590       _unzOpen2_64@8             1000b590 f   unzip.obj
 0001:0000a610       _unzOpen@4                 1000b610 f   unzip.obj
 0001:0000a630       _unzOpen64@4               1000b630 f   unzip.obj
 0001:0000a650       _unzClose@4                1000b650 f   unzip.obj
 0001:0000a690       _unzGetGlobalInfo64@8      1000b690 f   unzip.obj
 0001:0000a6c0       _unzGetGlobalInfo@8        1000b6c0 f   unzip.obj
 0001:0000aca0       _unzGetCurrentFileInfo64@32 1000bca0 f   unzip.obj
 0001:0000acd0       _unzGetCurrentFileInfo@32  1000bcd0 f   unzip.obj
 0001:0000ada0       _unzGoToFirstFile@4        1000bda0 f   unzip.obj
 0001:0000ae10       _unzGoToNextFile@4         1000be10 f   unzip.obj
 0001:0000aec0       _unzLocateFile@12          1000bec0 f   unzip.obj
 0001:0000b000       _unzGetFilePos64@8         1000c000 f   unzip.obj
 0001:0000b050       _unzGetFilePos@8           1000c050 f   unzip.obj
 0001:0000b080       _unzGoToFilePos64@8        1000c080 f   unzip.obj
 0001:0000b0f0       _unzGoToFilePos@8          1000c0f0 f   unzip.obj
 0001:0000b390       _unzOpenCurrentFile3@20    1000c390 f   unzip.obj
 0001:0000b620       _unzOpenCurrentFile@4      1000c620 f   unzip.obj
 0001:0000b640       _unzOpenCurrentFilePassword@8 1000c640 f   unzip.obj
 0001:0000b660       _unzOpenCurrentFile2@16    1000c660 f   unzip.obj
 0001:0000b680       _unzGetCurrentFileZStreamPos64@4 1000c680 f   unzip.obj
 0001:0000b6c0       _unzReadCurrentFile@12     1000c6c0 f   unzip.obj
 0001:0000b980       _unztell@4                 1000c980 f   unzip.obj
 0001:0000b9b0       _unztell64@4               1000c9b0 f   unzip.obj
 0001:0000b9e0       _unzeof@4                  1000c9e0 f   unzip.obj
 0001:0000ba20       _unzGetLocalExtrafield@12  1000ca20 f   unzip.obj
 0001:0000baf0       _unzCloseCurrentFile@4     1000caf0 f   unzip.obj
 0001:0000bb90       _unzGetGlobalComment@12    1000cb90 f   unzip.obj
 0001:0000c570       _LoadCentralDirectoryRecord 1000d570 f   zip.obj
 0001:0000ca10       _zipOpen3@16               1000da10 f   zip.obj
 0001:0000cba0       _zipOpen2@16               1000dba0 f   zip.obj
 0001:0000cbf0       _zipOpen2_64@16            1000dbf0 f   zip.obj
 0001:0000cc70       _zipOpen@8                 1000dc70 f   zip.obj
 0001:0000cc70       _zipOpen64@8               1000dc70 f   zip.obj
 0001:0000cc90       _Write_LocalFileHeader     1000dc90 f   zip.obj
 0001:0000cea0       _zipOpenNewFileInZip4_64@76 1000dea0 f   zip.obj
 0001:0000d380       _zipOpenNewFileInZip3@64   1000e380 f   zip.obj
 0001:0000d3d0       _zipOpenNewFileInZip3_64@68 1000e3d0 f   zip.obj
 0001:0000d420       _zipOpenNewFileInZip2@44   1000e420 f   zip.obj
 0001:0000d460       _zipOpenNewFileInZip2_64@48 1000e460 f   zip.obj
 0001:0000d4a0       _zipOpenNewFileInZip64@44  1000e4a0 f   zip.obj
 0001:0000d4e0       _zipOpenNewFileInZip@40    1000e4e0 f   zip.obj
 0001:0000d5e0       _zipWriteInFileInZip@12    1000e5e0 f   zip.obj
 0001:0000d6e0       _zipCloseFileInZipRaw@12   1000e6e0 f   zip.obj
 0001:0000d700       _zipCloseFileInZipRaw64@16 1000e700 f   zip.obj
 0001:0000dbf0       _zipCloseFileInZip@4       1000ebf0 f   zip.obj
 0001:0000dc10       _Write_Zip64EndOfCentralDirectoryLocator 1000ec10 f   zip.obj
 0001:0000dc90       _Write_Zip64EndOfCentralDirectoryRecord 1000ec90 f   zip.obj
 0001:0000ddb0       _Write_EndOfCentralDirectoryRecord 1000edb0 f   zip.obj
 0001:0000def0       _Write_GlobalComment       1000eef0 f   zip.obj
 0001:0000df60       _zipClose@8                1000ef60 f   zip.obj
 0001:0000e0f0       _zlibVersion@0             1000f0f0 f   zutil.obj
 0001:0000e100       _zlibCompileFlags@0        1000f100 f   zutil.obj
 0001:0000e110       _zError@4                  1000f110 f   zutil.obj
 0001:0000e130       _zcalloc                   1000f130 f   zutil.obj
 0001:0000e150       _zcfree                    1000f150 f   zutil.obj
 0001:0000e160       _longest_match             1000f160 f   match686.obj
 0001:0000e348       _match_init                1000f348 f   match686.obj
 0001:0000e450       _inflate_fast              1000f450 f   inffas32.obj
 0001:0000eae3       __lseeki64                 1000fae3 f   LIBCMT:lseeki64.obj
 0001:0000ebec       __lseeki64_nolock          1000fbec f   LIBCMT:lseeki64.obj
 0001:0000ecee       __wopen                    1000fcee f   LIBCMT:wopen.obj
 0001:0000ed9b       __wsopen_nolock            1000fd9b f   LIBCMT:wopen.obj
 0001:0000f514       _free                      10010514 f   LIBCMT:free.obj
 0001:0000f54c       __open                     1001054c f   LIBCMT:open.obj
 0001:0000f5f9       __sopen_helper             100105f9 f   LIBCMT:open.obj
 0001:0000f6c0       __sopen_nolock             100106c0 f   LIBCMT:open.obj
 0001:0000f70c       __sopen_s                  1001070c f   LIBCMT:open.obj
 0001:0000f72a       _malloc                    1001072a f   LIBCMT:malloc.obj
 0001:0000f7bc       __snprintf                 100107bc f   LIBCMT:snprintf.obj
 0001:0000f866       ??0_LocaleUpdate@@QAE@PAUlocaleinfo_struct@@@Z 10010866 f i LIBCMT:wcstombs.obj
 0001:0000f8ee       __wcstombs_l_helper        100108ee f   LIBCMT:wcstombs.obj
 0001:0000fb53       _wcstombs                  10010b53 f   LIBCMT:wcstombs.obj
 0001:0000fb6b       __get_sys_err_msg          10010b6b f i LIBCMT:strerror.obj
 0001:0000fb91       _strerror                  10010b91 f   LIBCMT:strerror.obj
 0001:0000fc00       _memchr                    10010c00 f   LIBCMT:memchr.obj
 0001:0000fcad       ___doserrno                10010cad f   LIBCMT:dosmap.obj
 0001:0000fcc0       __dosmaperr                10010cc0 f   LIBCMT:dosmap.obj
 0001:0000fce1       __errno                    10010ce1 f   LIBCMT:dosmap.obj
 0001:0000fcf4       __get_errno_from_oserr     10010cf4 f   LIBCMT:dosmap.obj
 0001:0000fd35       __read                     10010d35 f   LIBCMT:read.obj
 0001:0000fe4a       __read_nolock              10010e4a f   LIBCMT:read.obj
 0001:000105e4       __close                    100115e4 f   LIBCMT:close.obj
 0001:000106bb       __close_nolock             100116bb f   LIBCMT:close.obj
 0001:00010763       __write                    10011763 f   LIBCMT:write.obj
 0001:00010852       __write_nolock             10011852 f   LIBCMT:write.obj
 0001:0001109c       __ftelli64                 1001209c f   LIBCMT:ftelli64.obj
 0001:00011119       __ftelli64_nolock          10012119 f   LIBCMT:ftelli64.obj
 0001:000114c4       __fseeki64                 100124c4 f   LIBCMT:fseeki64.obj
 0001:00011546       __fseeki64_nolock          10012546 f   LIBCMT:fseeki64.obj
 0001:000115f7       __fsopen                   100125f7 f   LIBCMT:fopen.obj
 0001:000116bb       _fopen                     100126bb f   LIBCMT:fopen.obj
 0001:000116d0       __fread_nolock_s           100126d0 f   LIBCMT:fread.obj
 0001:00011893       _fread                     10012893 f   LIBCMT:fread.obj
 0001:000118ae       _fread_s                   100128ae f   LIBCMT:fread.obj
 0001:0001193f       _ferror                    1001293f f   LIBCMT:feoferr.obj
 0001:00011965       __fwrite_nolock            10012965 f   LIBCMT:fwrite.obj
 0001:00011abc       _fwrite                    10012abc f   LIBCMT:fwrite.obj
 0001:00011b3a       __fclose_nolock            10012b3a f   LIBCMT:fclose.obj
 0001:00011ba6       _fclose                    10012ba6 f   LIBCMT:fclose.obj
 0001:00011c1d       _rand                      10012c1d f   LIBCMT:rand.obj
 0001:00011c40       _srand                     10012c40 f   LIBCMT:rand.obj
 0001:00011c50       __time64                   10012c50 f   LIBCMT:time64.obj
 0001:00011c9f       __CRT_INIT@12              10012c9f f   LIBCMT:dllcrt0.obj
 0001:00011e0b       __DllMainCRTStartup@12     10012e0b f   LIBCMT:dllcrt0.obj
 0001:00011f3c       ___DllXcptFilter           10012f3c f   LIBCMT:dllcrt0.obj
 0001:00011f61       __call_reportfault         10012f61 f   LIBCMT:invarg.obj
 0001:00012084       __initp_misc_invarg        10013084 f   LIBCMT:invarg.obj
 0001:00012091       __invalid_parameter        10013091 f   LIBCMT:invarg.obj
 0001:000120bc       __invalid_parameter_noinfo 100130bc f   LIBCMT:invarg.obj
 0001:000120cc       __invoke_watson            100130cc f   LIBCMT:invarg.obj
 0001:000120f7       ___lock_fhandle            100130f7 f   LIBCMT:osfinfo.obj
 0001:00012183       __alloc_osfhnd             10013183 f   LIBCMT:osfinfo.obj
 0001:00012332       __free_osfhnd              10013332 f   LIBCMT:osfinfo.obj
 0001:000123b8       __get_osfhandle            100133b8 f   LIBCMT:osfinfo.obj
 0001:0001242a       __set_osfhnd               1001342a f   LIBCMT:osfinfo.obj
 0001:000124ac       __unlock_fhandle           100134ac f   LIBCMT:osfinfo.obj
 0001:000124d2       __ioinit                   100134d2 f   LIBCMT:ioinit.obj
 0001:000124ee       __ioinit0                  100134ee f   LIBCMT:ioinit.obj
 0001:0001250d       __ioinitCallback@12        1001350d f   LIBCMT:ioinit.obj
 0001:000127da       __ioterm                   100137da f   LIBCMT:ioinit.obj
 0001:00012830       __SEH_prolog4              10013830 f   LIBCMT:sehprolg4.obj
 0001:00012875       __SEH_epilog4              10013875 f   LIBCMT:sehprolg4.obj
 0001:00012890       __except_handler4          10013890 f   LIBCMT:chandler4.obj
 0001:00012a25       __chsize_nolock            10013a25 f   LIBCMT:chsize.obj
 0001:00012bd9       __get_fmode                10013bd9 f   LIBCMT:setmode.obj
 0001:00012c03       __setmode_nolock           10013c03 f   LIBCMT:setmode.obj
 0001:00012cd0       ___crtFlsAlloc             10013cd0 f   LIBCMT:winapisupp.obj
 0001:00012cde       ___crtFlsFree              10013cde f   LIBCMT:winapisupp.obj
 0001:00012cec       ___crtFlsGetValue          10013cec f   LIBCMT:winapisupp.obj
 0001:00012cfa       ___crtFlsSetValue          10013cfa f   LIBCMT:winapisupp.obj
 0001:00012d0b       ___crtIsPackagedApp        10013d0b f   LIBCMT:winapisupp.obj
 0001:00012d57       ___crtTerminateProcess     10013d57 f   LIBCMT:winapisupp.obj
 0001:00012d6c       ___crtUnhandledException   10013d6c f   LIBCMT:winapisupp.obj
 0001:00012d82       ___copy_path_to_wide_string 10013d82 f   LIBCMT:crt0dat.obj
 0001:00012e32       ___crtCorExitProcess       10013e32 f   LIBCMT:crt0dat.obj
 0001:00012e64       ___crtExitProcess          10013e64 f   LIBCMT:crt0dat.obj
 0001:00012e7a       ___freeCrtMemory           10013e7a f   LIBCMT:crt0dat.obj
 0001:00012f81       __amsg_exit                10013f81 f   LIBCMT:crt0dat.obj
 0001:00012f9d       __cexit                    10013f9d f   LIBCMT:crt0dat.obj
 0001:00012fac       __cinit                    10013fac f   LIBCMT:crt0dat.obj
 0001:0001303d       __exit                     1001403d f   LIBCMT:crt0dat.obj
 0001:00013051       __init_pointers            10014051 f   LIBCMT:crt0dat.obj
 0001:000130a1       __initterm_e               100140a1 f   LIBCMT:crt0dat.obj
 0001:000130c3       __lockexit                 100140c3 f   LIBCMT:crt0dat.obj
 0001:000130cc       __unlockexit               100140cc f   LIBCMT:crt0dat.obj
 0001:00013204       __heap_init                10014204 f   LIBCMT:heapinit.obj
 0001:00013219       __heap_term                10014219 f   LIBCMT:heapinit.obj
 0001:00013221       __callnewh                 10014221 f   LIBCMT:handler.obj
 0001:00013247       __initp_heap_handler       10014247 f   LIBCMT:handler.obj
 0001:00013254       __FF_MSGBANNER             10014254 f   LIBCMT:crt0msg.obj
 0001:0001328d       __GET_RTERRMSG             1001428d f   LIBCMT:crt0msg.obj
 0001:000132b1       __NMSG_WRITE               100142b1 f   LIBCMT:crt0msg.obj
 0001:0001346c       __flsbuf                   1001446c f   LIBCMT:_flsbuf.obj
 0001:000135c8       __vsnprintf                100145c8 f   LIBCMT:vsnprint.obj
 0001:000135c8       _vsnprintf                 100145c8 f   LIBCMT:vsnprint.obj
 0001:000135e3       __vsnprintf_l              100145e3 f   LIBCMT:vsnprint.obj
 0001:0001368d       __output_l                 1001468d f   LIBCMT:output.obj
 0001:0001431b       ___addlocaleref            1001531b f   LIBCMT:localref.obj
 0001:000143ab       ___freetlocinfo            100153ab f   LIBCMT:localref.obj
 0001:00014505       ___removelocaleref         10015505 f   LIBCMT:localref.obj
 0001:000145a0       ___updatetlocinfo          100155a0 f   LIBCMT:localref.obj
 0001:0001461c       __updatetlocinfoEx_nolock  1001561c f   LIBCMT:localref.obj
 0001:00014667       ___initmbctable            10015667 f   LIBCMT:mbctype.obj
 0001:00014922       ___updatetmbcinfo          10015922 f   LIBCMT:mbctype.obj
 0001:000149c7       __setmbcp                  100159c7 f   LIBCMT:mbctype.obj
 0001:00014b75       __setmbcp_nolock           10015b75 f   LIBCMT:mbctype.obj
 0001:00014d6a       __freefls@4                10015d6a f   LIBCMT:tidtable.obj
 0001:00014ea1       __freeptd                  10015ea1 f   LIBCMT:tidtable.obj
 0001:00014ed7       __getptd                   10015ed7 f   LIBCMT:tidtable.obj
 0001:00014eef       __getptd_noexit            10015eef f   LIBCMT:tidtable.obj
 0001:00014f5e       __initptd                  10015f5e f   LIBCMT:tidtable.obj
 0001:0001500a       __mtinit                   1001600a f   LIBCMT:tidtable.obj
 0001:00015080       __mtterm                   10016080 f   LIBCMT:tidtable.obj
 0001:0001509d       @__security_check_cookie@4 1001609d f   LIBCMT:secchk.obj
 0001:000150ac       ___sys_errlist             100160ac f   LIBCMT:syserr.obj
 0001:000150b2       ___sys_nerr                100160b2 f   LIBCMT:syserr.obj
 0001:000150b8       _strcpy_s                  100160b8 f   LIBCMT:strcpy_s.obj
 0001:0001510d       __calloc_crt               1001610d f   LIBCMT:crtheap.obj
 0001:00015157       __malloc_crt               10016157 f   LIBCMT:crtheap.obj
 0001:000151a0       __realloc_crt              100161a0 f   LIBCMT:crtheap.obj
 0001:000151ec       __isatty                   100161ec f   LIBCMT:isatty.obj
 0001:00015250       __isleadbyte_l             10016250 f i LIBCMT:_wctype.obj
 0001:00015286       _isleadbyte                10016286 f i LIBCMT:_wctype.obj
 0001:00015297       __mbtowc_l                 10016297 f   LIBCMT:mbtowc.obj
 0001:0001538a       _mbtowc                    1001638a f   LIBCMT:mbtowc.obj
 0001:000153a2       __putwch_nolock            100163a2 f   LIBCMT:putwch.obj
 0001:000153f0       __chkstk                   100163f0 f   LIBCMT:chkstk.obj
 0001:000153f0       __alloca_probe             100163f0     LIBCMT:chkstk.obj
 0001:0001541b       __fileno                   1001641b f   LIBCMT:fileno.obj
 0001:0001543f       ___initstdio               1001643f f   LIBCMT:_file.obj
 0001:000154b2       ___endstdio                100164b2 f   LIBCMT:_file.obj
 0001:000154d9       ___iob_func                100164d9 f   LIBCMT:_file.obj
 0001:000154df       __lock_file                100164df f   LIBCMT:_file.obj
 0001:0001551e       __lock_file2               1001651e f   LIBCMT:_file.obj
 0001:0001554e       __unlock_file              1001654e f   LIBCMT:_file.obj
 0001:00015588       __unlock_file2             10016588 f   LIBCMT:_file.obj
 0001:000155b5       __fflush_nolock            100165b5 f   LIBCMT:fflush.obj
 0001:000155fb       __flush                    100165fb f   LIBCMT:fflush.obj
 0001:0001565f       __flushall                 1001665f f   LIBCMT:fflush.obj
 0001:0001574c       __getstream                1001674c f   LIBCMT:stream.obj
 0001:00015864       __openfile                 10016864 f   LIBCMT:_open.obj
 0001:00015ae0       __local_unwind4            10016ae0 f   LIBCMT:exsup4.obj
 0001:00015bb6       __seh_longjmp_unwind4@4    10016bb6 f   LIBCMT:exsup4.obj
 0001:00015bd2       @_EH4_CallFilterFunc@8     10016bd2 f   LIBCMT:exsup4.obj
 0001:00015be9       @_EH4_TransferToHandler@8  10016be9 f   LIBCMT:exsup4.obj
 0001:00015c02       @_EH4_GlobalUnwind2@8      10016c02 f   LIBCMT:exsup4.obj
 0001:00015c1b       @_EH4_LocalUnwind@16       10016c1b f   LIBCMT:exsup4.obj
 0001:00015c32       __filbuf                   10016c32 f   LIBCMT:_filbuf.obj
 0001:00015d60       _memcpy_s                  10016d60 f   LIBCMT:memcpy_s.obj
 0001:00015de0       _memset                    10016de0 f   LIBCMT:memset.obj
 0001:00015e70       _memcpy                    10016e70 f   LIBCMT:memcpy.obj
 0001:000164b4       __freebuf                  100174b4 f   LIBCMT:_freebuf.obj
 0001:000164f0       __aulldiv                  100174f0 f   LIBCMT:ulldiv.obj
 0001:00016558       __XcptFilter               10017558 f   LIBCMT:winxfltr.obj
 0001:000166b3       ___CppXcptFilter           100176b3 f   LIBCMT:winxfltr.obj
 0001:000166d1       __setargv                  100176d1 f   LIBCMT:stdargv.obj
 0001:000168fe       __setenvp                  100178fe f   LIBCMT:stdenvp.obj
 0001:000169df       ___security_init_cookie    100179df f   LIBCMT:gs_support.obj
 0001:00016a79       _DllMain@12                10017a79 f   LIBCMT:dllmain.obj
 0001:00016a7f       ___crtGetEnvironmentStringsA 10017a7f f   LIBCMT:a_env.obj
 0001:00016b0a       __RTC_Initialize           10017b0a f   LIBCMT:initsect.obj
 0001:00016b2a       __RTC_Terminate            10017b2a f   LIBCMT:initsect.obj
 0001:00016b4a       __crt_debugger_hook        10017b4a f   LIBCMT:dbghook.obj
 0001:00016b52       __lock                     10017b52 f   LIBCMT:mlock.obj
 0001:00016b86       __mtdeletelocks            10017b86 f   LIBCMT:mlock.obj
 0001:00016bda       __mtinitlocknum            10017bda f   LIBCMT:mlock.obj
 0001:00016c81       __mtinitlocks              10017c81 f   LIBCMT:mlock.obj
 0001:00016cb6       __unlock                   10017cb6 f   LIBCMT:mlock.obj
 0001:00016cd0       __FindPESection            10017cd0 f   LIBCMT:pesect.obj
 0001:00016d20       __IsNonwritableInCurrentImage 10017d20 f   LIBCMT:pesect.obj
 0001:00016de0       __ValidateImageBase        10017de0 f   LIBCMT:pesect.obj
 0001:00016e11       ___onexitinit              10017e11 f   LIBCMT:onexit.obj
 0001:00016e40       __onexit                   10017e40 f   LIBCMT:onexit.obj
 0001:00016f36       _atexit                    10017f36 f   LIBCMT:onexit.obj
 0001:00016f4b       __initp_misc_cfltcvt_tab   10017f4b f   LIBCMT:cmiscdat.obj
 0001:00016f6a       ?terminate@@YAXXZ          10017f6a f   LIBCMT:hooks.obj
 0001:00016f9e       __initp_eh_hooks           10017f9e f   LIBCMT:hooks.obj
 0001:00016faf       __initp_misc_purevirt      10017faf f   LIBCMT:inithelp.obj
 0001:00016fbc       __initp_misc_rand_s        10017fbc f   LIBCMT:rand_s.obj
 0001:00016fc9       ___get_sigabrt             10017fc9 f   LIBCMT:winsig.obj
 0001:00016fd6       __initp_misc_winsig        10017fd6 f   LIBCMT:winsig.obj
 0001:00016ff2       _raise                     10017ff2 f   LIBCMT:winsig.obj
 0001:000171f0       _strlen                    100181f0 f   LIBCMT:strlen.obj
 0001:0001727b       _wcscat_s                  1001827b f   LIBCMT:wcscat_s.obj
 0001:000172e7       _wcscpy_s                  100182e7 f   LIBCMT:wcscpy_s.obj
 0001:00017343       _wcslen                    10018343 f   LIBCMT:wcslen.obj
 0001:0001735c       _wcsncpy_s                 1001835c f   LIBCMT:wcsncpy_s.obj
 0001:0001741a       __set_error_mode           1001841a f   LIBCMT:errmode.obj
 0001:0001745a       ___crtMessageBoxW          1001845a f   LIBCMT:crtmboxw.obj
 0001:0001763c       __getbuf                   1001863c f   LIBCMT:_getbuf.obj
 0001:00017682       __get_printf_count_output  10018682 f   LIBCMT:printf.obj
 0001:00017697       __wctomb_s_l               10018697 f   LIBCMT:wctomb.obj
 0001:000177b9       _wctomb_s                  100187b9 f   LIBCMT:wctomb.obj
 0001:000177e0       __aulldvrm                 100187e0 f   LIBCMT:ulldvrm.obj
 0001:00017875       ___free_lconv_mon          10018875 f   LIBCMT:initmon.obj
 0001:00017971       ___free_lconv_num          10018971 f   LIBCMT:initnum.obj
 0001:000179d8       ___free_lc_time            100189d8 f   LIBCMT:inittime.obj
 0001:00017f41       ___crtLCMapStringA         10018f41 f   LIBCMT:a_map.obj
 0001:00017f85       __freea                    10018f85 f i LIBCMT:a_map.obj
 0001:0001808f       ___crtGetStringTypeA       1001908f f   LIBCMT:a_str.obj
 0001:000180cd       ___raise_securityfailure   100190cd f   LIBCMT:gs_report.obj
 0001:0001810a       ___report_gsfailure        1001910a f   LIBCMT:gs_report.obj
 0001:00018203       _realloc                   10019203 f   LIBCMT:realloc.obj
 0001:000182ae       __calloc_impl              100192ae f   LIBCMT:calloc_impl.obj
 0001:00018328       ___termconout              10019328 f   LIBCMT:initcon.obj
 0001:0001833f       ___initconout              1001933f f   LIBCMT:initcon.obj
 0001:0001835e       __fcloseall                1001935e f   LIBCMT:closeall.obj
 0001:000183fb       __commit                   100193fb f   LIBCMT:commit.obj
 0001:000184f2       __mbsnbcmp                 100194f2 f   LIBCMT:mbsnbcmp.obj
 0001:0001850a       __mbsnbcmp_l               1001950a f   LIBCMT:mbsnbcmp.obj
 0001:0001861f       __mbsnbicmp                1001961f f   LIBCMT:mbsnbicm.obj
 0001:00018637       __mbsnbicmp_l              10019637 f   LIBCMT:mbsnbicm.obj
 0001:00018800       __global_unwind2           10019800 f   LIBCMT:exsup.obj
 0001:00018865       __local_unwind2            10019865 f   LIBCMT:exsup.obj
 0001:000188e9       __abnormal_termination     100198e9 f   LIBCMT:exsup.obj
 0001:0001890c       __NLG_Notify1              1001990c f   LIBCMT:exsup.obj
 0001:00018915       __NLG_Notify               10019915 f   LIBCMT:exsup.obj
 0001:0001892c       __NLG_Dispatch             1001992c     LIBCMT:exsup.obj
 0001:0001892c       __NLG_Dispatch2            1001992c     LIBCMT:exsup.obj
 0001:00018934       __NLG_Call                 10019934 f   LIBCMT:exsup.obj
 0001:00018936       __NLG_Return2              10019936     LIBCMT:exsup.obj
 0001:00018937       __VEC_memset               10019937 f   LIBCMT:p4_memset.obj
 0001:000189ff       ___isa_available_init      100199ff f   LIBCMT:cpu_disp.obj
 0001:00018b8e       __ismbblead                10019b8e f   LIBCMT:ismbbyte.obj
 0001:00018ba4       __msize                    10019ba4 f   LIBCMT:msize.obj
 0001:00018bd5       __fptrap                   10019bd5 f   LIBCMT:crt0fp.obj
 0001:00018bde       _abort                     10019bde f   LIBCMT:abort.obj
 0001:00018c21       ___crtLCMapStringEx        10019c21 f   LIBCMT:winapinls.obj
 0001:00018c43       __locterm                  10019c43 f   LIBCMT:wsetloca.obj
 0001:00018ca0       __alloca_probe_16          10019ca0 f   LIBCMT:alloca16.obj
 0001:00018cb6       __alloca_probe_8           10019cb6     LIBCMT:alloca16.obj
 0001:00018cd0       _strncmp                   10019cd0 f   LIBCMT:strncmp.obj
 0001:00018d48       __strnicmp                 10019d48 f   LIBCMT:strnicmp.obj
 0001:00018db3       __strnicmp_l               10019db3 f   LIBCMT:strnicmp.obj
 0001:00018e70       ___ascii_strnicmp          10019e70 f   LIBCMT:_strnicm.obj
 0001:00018ed1       __tolower_l                10019ed1 f   LIBCMT:tolower.obj
 0001:00019012       __isctype_l                1001a012 f   LIBCMT:isctype.obj
 0001:000190d0       __allmul                   1001a0d0 f   LIBCMT:llmul.obj
 0001:00019104       _IsProcessorFeaturePresent@4 1001a104 f   kernel32:KERNEL32.dll
 0001:0001910a       _RtlUnwind@16              1001a10a f   kernel32:KERNEL32.dll
 0001:00019110       __alldiv                   1001a110 f   LIBCMT:lldiv.obj
 0002:00000000       __imp__CreateFileA@28      1001b000     kernel32:KERNEL32.dll
 0002:00000004       __imp__SetFilePointer@16   1001b004     kernel32:KERNEL32.dll
 0002:00000008       __imp__WriteFile@20        1001b008     kernel32:KERNEL32.dll
 0002:0000000c       __imp__ReadFile@20         1001b00c     kernel32:KERNEL32.dll
 0002:00000010       __imp__CreateFileW@28      1001b010     kernel32:KERNEL32.dll
 0002:00000014       __imp__GetLastError@0      1001b014     kernel32:KERNEL32.dll
 0002:00000018       __imp__CloseHandle@4       1001b018     kernel32:KERNEL32.dll
 0002:0000001c       __imp__SetFilePointerEx@20 1001b01c     kernel32:KERNEL32.dll
 0002:00000020       __imp__GetFileType@4       1001b020     kernel32:KERNEL32.dll
 0002:00000024       __imp__GetModuleHandleW@4  1001b024     kernel32:KERNEL32.dll
 0002:00000028       __imp__GetProcAddress@8    1001b028     kernel32:KERNEL32.dll
 0002:0000002c       __imp__HeapFree@12         1001b02c     kernel32:KERNEL32.dll
 0002:00000030       __imp__HeapAlloc@12        1001b030     kernel32:KERNEL32.dll
 0002:00000034       __imp__WideCharToMultiByte@32 1001b034     kernel32:KERNEL32.dll
 0002:00000038       __imp__MultiByteToWideChar@24 1001b038     kernel32:KERNEL32.dll
 0002:0000003c       __imp__GetConsoleMode@8    1001b03c     kernel32:KERNEL32.dll
 0002:00000040       __imp__ReadConsoleW@20     1001b040     kernel32:KERNEL32.dll
 0002:00000044       __imp__GetStdHandle@4      1001b044     kernel32:KERNEL32.dll
 0002:00000048       __imp__GetConsoleCP@0      1001b048     kernel32:KERNEL32.dll
 0002:0000004c       __imp__GetSystemTimeAsFileTime@4 1001b04c     kernel32:KERNEL32.dll
 0002:00000050       __imp__GetCommandLineA@0   1001b050     kernel32:KERNEL32.dll
 0002:00000054       __imp__GetCurrentThreadId@0 1001b054     kernel32:KERNEL32.dll
 0002:00000058       __imp__IsDebuggerPresent@0 1001b058     kernel32:KERNEL32.dll
 0002:0000005c       __imp__EncodePointer@4     1001b05c     kernel32:KERNEL32.dll
 0002:00000060       __imp__DecodePointer@4     1001b060     kernel32:KERNEL32.dll
 0002:00000064       __imp__IsProcessorFeaturePresent@4 1001b064     kernel32:KERNEL32.dll
 0002:00000068       __imp__SetStdHandle@8      1001b068     kernel32:KERNEL32.dll
 0002:0000006c       __imp__EnterCriticalSection@4 1001b06c     kernel32:KERNEL32.dll
 0002:00000070       __imp__LeaveCriticalSection@4 1001b070     kernel32:KERNEL32.dll
 0002:00000074       __imp__InitializeCriticalSectionAndSpinCount@8 1001b074     kernel32:KERNEL32.dll
 0002:00000078       __imp__DeleteCriticalSection@4 1001b078     kernel32:KERNEL32.dll
 0002:0000007c       __imp__InitOnceExecuteOnce@16 1001b07c     kernel32:KERNEL32.dll
 0002:00000080       __imp__GetStartupInfoW@4   1001b080     kernel32:KERNEL32.dll
 0002:00000084       __imp__SetEndOfFile@4      1001b084     kernel32:KERNEL32.dll
 0002:00000088       __imp__GetProcessHeap@0    1001b088     kernel32:KERNEL32.dll
 0002:0000008c       __imp__UnhandledExceptionFilter@4 1001b08c     kernel32:KERNEL32.dll
 0002:00000090       __imp__SetUnhandledExceptionFilter@4 1001b090     kernel32:KERNEL32.dll
 0002:00000094       __imp__FlsAlloc@4          1001b094     kernel32:KERNEL32.dll
 0002:00000098       __imp__FlsGetValue@4       1001b098     kernel32:KERNEL32.dll
 0002:0000009c       __imp__FlsSetValue@8       1001b09c     kernel32:KERNEL32.dll
 0002:000000a0       __imp__FlsFree@4           1001b0a0     kernel32:KERNEL32.dll
 0002:000000a4       __imp__GetCurrentProcess@0 1001b0a4     kernel32:KERNEL32.dll
 0002:000000a8       __imp__TerminateProcess@8  1001b0a8     kernel32:KERNEL32.dll
 0002:000000ac       __imp__InterlockedDecrement@4 1001b0ac     kernel32:KERNEL32.dll
 0002:000000b0       __imp__ExitProcess@4       1001b0b0     kernel32:KERNEL32.dll
 0002:000000b4       __imp__GetModuleHandleExW@12 1001b0b4     kernel32:KERNEL32.dll
 0002:000000b8       __imp__AreFileApisANSI@0   1001b0b8     kernel32:KERNEL32.dll
 0002:000000bc       __imp__GetModuleFileNameW@12 1001b0bc     kernel32:KERNEL32.dll
 0002:000000c0       __imp__InterlockedIncrement@4 1001b0c0     kernel32:KERNEL32.dll
 0002:000000c4       __imp__IsValidCodePage@4   1001b0c4     kernel32:KERNEL32.dll
 0002:000000c8       __imp__GetACP@0            1001b0c8     kernel32:KERNEL32.dll
 0002:000000cc       __imp__GetOEMCP@0          1001b0cc     kernel32:KERNEL32.dll
 0002:000000d0       __imp__GetCPInfo@8         1001b0d0     kernel32:KERNEL32.dll
 0002:000000d4       __imp__SetLastError@4      1001b0d4     kernel32:KERNEL32.dll
 0002:000000d8       __imp__Sleep@4             1001b0d8     kernel32:KERNEL32.dll
 0002:000000dc       __imp__WriteConsoleW@20    1001b0dc     kernel32:KERNEL32.dll
 0002:000000e0       __imp__RtlUnwind@16        1001b0e0     kernel32:KERNEL32.dll
 0002:000000e4       __imp__GetModuleFileNameA@12 1001b0e4     kernel32:KERNEL32.dll
 0002:000000e8       __imp__QueryPerformanceCounter@4 1001b0e8     kernel32:KERNEL32.dll
 0002:000000ec       __imp__GetTickCount64@0    1001b0ec     kernel32:KERNEL32.dll
 0002:000000f0       __imp__GetEnvironmentStringsW@0 1001b0f0     kernel32:KERNEL32.dll
 0002:000000f4       __imp__FreeEnvironmentStringsW@4 1001b0f4     kernel32:KERNEL32.dll
 0002:000000f8       __imp__LoadLibraryExW@12   1001b0f8     kernel32:KERNEL32.dll
 0002:000000fc       __imp__OutputDebugStringW@4 1001b0fc     kernel32:KERNEL32.dll
 0002:00000100       __imp__LoadLibraryW@4      1001b100     kernel32:KERNEL32.dll
 0002:00000104       __imp__GetStringTypeW@16   1001b104     kernel32:KERNEL32.dll
 0002:00000108       __imp__HeapReAlloc@16      1001b108     kernel32:KERNEL32.dll
 0002:0000010c       __imp__FlushFileBuffers@4  1001b10c     kernel32:KERNEL32.dll
 0002:00000110       __imp__HeapSize@12         1001b110     kernel32:KERNEL32.dll
 0002:00000114       __imp__LCMapStringEx@36    1001b114     kernel32:KERNEL32.dll
 0002:00000118       \177KERNEL32_NULL_THUNK_DATA 1001b118     kernel32:KERNEL32.dll
 0002:0000011c       ___xc_a                    1001b11c     LIBCMT:crt0init.obj
 0002:00000120       ___xc_z                    1001b120     LIBCMT:crt0init.obj
 0002:00000124       ___xi_a                    1001b124     LIBCMT:crt0init.obj
 0002:00000138       ___xi_z                    1001b138     LIBCMT:crt0init.obj
 0002:0000013c       ___xp_a                    1001b13c     LIBCMT:crt0init.obj
 0002:0000014c       ___xp_z                    1001b14c     LIBCMT:crt0init.obj
 0002:00000150       ___xt_a                    1001b150     LIBCMT:crt0init.obj
 0002:00000154       ___xt_z                    1001b154     LIBCMT:crt0init.obj
 0002:00000158       ??_C@_0M@HHGEPIBF@CreateFile2?$AA@ 1001b158     LIBCMT:wopen.obj
 0002:00000164       ??_C@_1BK@MGMFAEKH@?$AAk?$AAe?$AAr?$AAn?$AAe?$AAl?$AA3?$AA2?$AA?4?$AAd?$AAl?$AAl?$AA?$AA@ 1001b164     LIBCMT:wopen.obj
 0002:00000180       ??_C@_0EA@FCLIIPNN@Visual?5C?$CL?$CL?5CRT?3?5Not?5enough?5memor@ 1001b180     LIBCMT:strerror.obj
 0002:000001c0       __pDefaultRawDllMain       1001b1c0     LIBCMT:dllcrt0.obj
 0002:000001c0       __pRawDllMain              1001b1c0     LIBCMT:dllcrt0.obj
 0002:000001c4       ??_C@_0BE@JOGNEJCI@GetCurrentPackageId?$AA@ 1001b1c4     LIBCMT:winapisupp.obj
 0002:000001d8       ??_C@_1BI@BGOHAHKC@?$AAm?$AAs?$AAc?$AAo?$AAr?$AAe?$AAe?$AA?4?$AAd?$AAl?$AAl?$AA?$AA@ 1001b1d8     LIBCMT:crt0dat.obj
 0002:000001f0       ??_C@_0P@MIGLKIOC@CorExitProcess?$AA@ 1001b1f0     LIBCMT:crt0dat.obj
 0002:000002b8       ??_C@_1FK@PGACCAFB@?$AAR?$AA6?$AA0?$AA0?$AA2?$AA?$AN?$AA?6?$AA?9?$AA?5?$AAf?$AAl?$AAo?$AAa?$AAt?$AAi?$AAn?$AAg?$AA?5?$AAp?$AAo?$AAi?$AAn?$AAt?$AA?5?$AAs?$AAu?$AAp?$AAp?$AAo?$AAr?$AAt?$AA?5@ 1001b2b8     LIBCMT:crt0msg.obj
 0002:00000318       ??_C@_1FE@LLNEDJMD@?$AAR?$AA6?$AA0?$AA0?$AA8?$AA?$AN?$AA?6?$AA?9?$AA?5?$AAn?$AAo?$AAt?$AA?5?$AAe?$AAn?$AAo?$AAu?$AAg?$AAh?$AA?5?$AAs?$AAp?$AAa?$AAc?$AAe?$AA?5?$AAf?$AAo?$AAr?$AA?5?$AAa?$AAr@ 1001b318     LIBCMT:crt0msg.obj
 0002:00000370       ??_C@_1FI@HONFMGBI@?$AAR?$AA6?$AA0?$AA0?$AA9?$AA?$AN?$AA?6?$AA?9?$AA?5?$AAn?$AAo?$AAt?$AA?5?$AAe?$AAn?$AAo?$AAu?$AAg?$AAh?$AA?5?$AAs?$AAp?$AAa?$AAc?$AAe?$AA?5?$AAf?$AAo?$AAr?$AA?5?$AAe?$AAn@ 1001b370     LIBCMT:crt0msg.obj
 0002:000003c8       ??_C@_1EG@BEHAGFJD@?$AAR?$AA6?$AA0?$AA1?$AA0?$AA?$AN?$AA?6?$AA?9?$AA?5?$AAa?$AAb?$AAo?$AAr?$AAt?$AA?$CI?$AA?$CJ?$AA?5?$AAh?$AAa?$AAs?$AA?5?$AAb?$AAe?$AAe?$AAn?$AA?5?$AAc?$AAa?$AAl?$AAl?$AAe?$AAd@ 1001b3c8     LIBCMT:crt0msg.obj
 0002:00000410       ??_C@_1FI@LOGNIKDM@?$AAR?$AA6?$AA0?$AA1?$AA6?$AA?$AN?$AA?6?$AA?9?$AA?5?$AAn?$AAo?$AAt?$AA?5?$AAe?$AAn?$AAo?$AAu?$AAg?$AAh?$AA?5?$AAs?$AAp?$AAa?$AAc?$AAe?$AA?5?$AAf?$AAo?$AAr?$AA?5?$AAt?$AAh@ 1001b410     LIBCMT:crt0msg.obj
 0002:00000468       ??_C@_1FK@BEOGODMC@?$AAR?$AA6?$AA0?$AA1?$AA7?$AA?$AN?$AA?6?$AA?9?$AA?5?$AAu?$AAn?$AAe?$AAx?$AAp?$AAe?$AAc?$AAt?$AAe?$AAd?$AA?5?$AAm?$AAu?$AAl?$AAt?$AAi?$AAt?$AAh?$AAr?$AAe?$AAa?$AAd?$AA?5@ 1001b468     LIBCMT:crt0msg.obj
 0002:000004c8       ??_C@_1EC@JIBHAOPH@?$AAR?$AA6?$AA0?$AA1?$AA8?$AA?$AN?$AA?6?$AA?9?$AA?5?$AAu?$AAn?$AAe?$AAx?$AAp?$AAe?$AAc?$AAt?$AAe?$AAd?$AA?5?$AAh?$AAe?$AAa?$AAp?$AA?5?$AAe?$AAr?$AAr?$AAo?$AAr?$AA?$AN?$AA?6@ 1001b4c8     LIBCMT:crt0msg.obj
 0002:00000510       ??_C@_1FC@ECHBIFBC@?$AAR?$AA6?$AA0?$AA1?$AA9?$AA?$AN?$AA?6?$AA?9?$AA?5?$AAu?$AAn?$AAa?$AAb?$AAl?$AAe?$AA?5?$AAt?$AAo?$AA?5?$AAo?$AAp?$AAe?$AAn?$AA?5?$AAc?$AAo?$AAn?$AAs?$AAo?$AAl?$AAe?$AA?5@ 1001b510     LIBCMT:crt0msg.obj
 0002:00000568       ??_C@_1GK@FHCKBEFA@?$AAR?$AA6?$AA0?$AA2?$AA4?$AA?$AN?$AA?6?$AA?9?$AA?5?$AAn?$AAo?$AAt?$AA?5?$AAe?$AAn?$AAo?$AAu?$AAg?$AAh?$AA?5?$AAs?$AAp?$AAa?$AAc?$AAe?$AA?5?$AAf?$AAo?$AAr?$AA?5?$AA_?$AAo@ 1001b568     LIBCMT:crt0msg.obj
 0002:000005d8       ??_C@_1EM@MAADIHMB@?$AAR?$AA6?$AA0?$AA2?$AA5?$AA?$AN?$AA?6?$AA?9?$AA?5?$AAp?$AAu?$AAr?$AAe?$AA?5?$AAv?$AAi?$AAr?$AAt?$AAu?$AAa?$AAl?$AA?5?$AAf?$AAu?$AAn?$AAc?$AAt?$AAi?$AAo?$AAn?$AA?5?$AAc@ 1001b5d8     LIBCMT:crt0msg.obj
 0002:00000628       ??_C@_1GK@MCAAGJMO@?$AAR?$AA6?$AA0?$AA2?$AA6?$AA?$AN?$AA?6?$AA?9?$AA?5?$AAn?$AAo?$AAt?$AA?5?$AAe?$AAn?$AAo?$AAu?$AAg?$AAh?$AA?5?$AAs?$AAp?$AAa?$AAc?$AAe?$AA?5?$AAf?$AAo?$AAr?$AA?5?$AAs?$AAt@ 1001b628     LIBCMT:crt0msg.obj
 0002:00000698       ??_C@_1GK@MFGOKLAG@?$AAR?$AA6?$AA0?$AA2?$AA7?$AA?$AN?$AA?6?$AA?9?$AA?5?$AAn?$AAo?$AAt?$AA?5?$AAe?$AAn?$AAo?$AAu?$AAg?$AAh?$AA?5?$AAs?$AAp?$AAa?$AAc?$AAe?$AA?5?$AAf?$AAo?$AAr?$AA?5?$AAl?$AAo@ 1001b698     LIBCMT:crt0msg.obj
 0002:00000708       ??_C@_1EK@HHFLMAOL@?$AAR?$AA6?$AA0?$AA2?$AA8?$AA?$AN?$AA?6?$AA?9?$AA?5?$AAu?$AAn?$AAa?$AAb?$AAl?$AAe?$AA?5?$AAt?$AAo?$AA?5?$AAi?$AAn?$AAi?$AAt?$AAi?$AAa?$AAl?$AAi?$AAz?$AAe?$AA?5?$AAh?$AAe@ 1001b708     LIBCMT:crt0msg.obj
 0002:00000754       ??_C@_1DO@BMFCDCD@?$AAR?$AA6?$AA0?$AA3?$AA0?$AA?$AN?$AA?6?$AA?9?$AA?5?$AAC?$AAR?$AAT?$AA?5?$AAn?$AAo?$AAt?$AA?5?$AAi?$AAn?$AAi?$AAt?$AAi?$AAa?$AAl?$AAi?$AAz?$AAe?$AAd?$AA?$AN?$AA?6?$AA?$AA@ 1001b754     LIBCMT:crt0msg.obj
 0002:00000798       ??_C@_1MG@ENCOOIDF@?$AAR?$AA6?$AA0?$AA3?$AA1?$AA?$AN?$AA?6?$AA?9?$AA?5?$AAA?$AAt?$AAt?$AAe?$AAm?$AAp?$AAt?$AA?5?$AAt?$AAo?$AA?5?$AAi?$AAn?$AAi?$AAt?$AAi?$AAa?$AAl?$AAi?$AAz?$AAe?$AA?5?$AAt@ 1001b798     LIBCMT:crt0msg.obj
 0002:00000860       ??_C@_1GG@GOPILAJP@?$AAR?$AA6?$AA0?$AA3?$AA2?$AA?$AN?$AA?6?$AA?9?$AA?5?$AAn?$AAo?$AAt?$AA?5?$AAe?$AAn?$AAo?$AAu?$AAg?$AAh?$AA?5?$AAs?$AAp?$AAa?$AAc?$AAe?$AA?5?$AAf?$AAo?$AAr?$AA?5?$AAl?$AAo@ 1001b860     LIBCMT:crt0msg.obj
 0002:000008c8       ??_C@_1BOO@KGEDBGAJ@?$AAR?$AA6?$AA0?$AA3?$AA3?$AA?$AN?$AA?6?$AA?9?$AA?5?$AAA?$AAt?$AAt?$AAe?$AAm?$AAp?$AAt?$AA?5?$AAt?$AAo?$AA?5?$AAu?$AAs?$AAe?$AA?5?$AAM?$AAS?$AAI?$AAL?$AA?5?$AAc?$AAo?$AAd@ 1001b8c8     LIBCMT:crt0msg.obj
 0002:00000ab8       ??_C@_1GG@MKFPEKFO@?$AAR?$AA6?$AA0?$AA3?$AA4?$AA?$AN?$AA?6?$AA?9?$AA?5?$AAi?$AAn?$AAc?$AAo?$AAn?$AAs?$AAi?$AAs?$AAt?$AAe?$AAn?$AAt?$AA?5?$AAo?$AAn?$AAe?$AAx?$AAi?$AAt?$AA?5?$AAb?$AAe?$AAg@ 1001bab8     LIBCMT:crt0msg.obj
 0002:00000b20       ??_C@_1BO@BFCDCGC@?$AAD?$AAO?$AAM?$AAA?$AAI?$AAN?$AA?5?$AAe?$AAr?$AAr?$AAo?$AAr?$AA?$AN?$AA?6?$AA?$AA@ 1001bb20     LIBCMT:crt0msg.obj
 0002:00000b40       ??_C@_1BK@KMOMNAAI@?$AAS?$AAI?$AAN?$AAG?$AA?5?$AAe?$AAr?$AAr?$AAo?$AAr?$AA?$AN?$AA?6?$AA?$AA@ 1001bb40     LIBCMT:crt0msg.obj
 0002:00000b5c       ??_C@_1BM@JBBEPPHI@?$AAT?$AAL?$AAO?$AAS?$AAS?$AA?5?$AAe?$AAr?$AAr?$AAo?$AAr?$AA?$AN?$AA?6?$AA?$AA@ 1001bb5c     LIBCMT:crt0msg.obj
 0002:00000b78       ??_C@_15JNBOKNOG@?$AA?$AN?$AA?6?$AA?$AA@ 1001bb78     LIBCMT:crt0msg.obj
 0002:00000b80       ??_C@_1BO@BKOMIGKJ@?$AAr?$AAu?$AAn?$AAt?$AAi?$AAm?$AAe?$AA?5?$AAe?$AAr?$AAr?$AAo?$AAr?$AA?5?$AA?$AA@ 1001bb80     LIBCMT:crt0msg.obj
 0002:00000ba0       ??_C@_1DE@JNGNBFGO@?$AAR?$AAu?$AAn?$AAt?$AAi?$AAm?$AAe?$AA?5?$AAE?$AAr?$AAr?$AAo?$AAr?$AA?$CB?$AA?6?$AA?6?$AAP?$AAr?$AAo?$AAg?$AAr?$AAa?$AAm?$AA?3?$AA?5?$AA?$AA@ 1001bba0     LIBCMT:crt0msg.obj
 0002:00000bd4       ??_C@_1CO@EAEJAADC@?$AA?$DM?$AAp?$AAr?$AAo?$AAg?$AAr?$AAa?$AAm?$AA?5?$AAn?$AAa?$AAm?$AAe?$AA?5?$AAu?$AAn?$AAk?$AAn?$AAo?$AAw?$AAn?$AA?$DO?$AA?$AA@ 1001bbd4     LIBCMT:crt0msg.obj
 0002:00000c04       ??_C@_17LGKOMLJ@?$AA?4?$AA?4?$AA?4?$AA?$AA@ 1001bc04     LIBCMT:crt0msg.obj
 0002:00000c0c       ??_C@_15IABLJNFO@?$AA?6?$AA?6?$AA?$AA@ 1001bc0c     LIBCMT:crt0msg.obj
 0002:00000c18       ??_C@_1EK@MBDPDCGA@?$AAM?$AAi?$AAc?$AAr?$AAo?$AAs?$AAo?$AAf?$AAt?$AA?5?$AAV?$AAi?$AAs?$AAu?$AAa?$AAl?$AA?5?$AAC?$AA?$CL?$AA?$CL?$AA?5?$AAR?$AAu?$AAn?$AAt?$AAi?$AAm?$AAe?$AA?5?$AAL?$AAi?$AAb@ 1001bc18     LIBCMT:crt0msg.obj
 0002:00000c64       ??_C@_06OJHGLDPL@?$CInull?$CJ?$AA@ 1001bc64     LIBCMT:output.obj
 0002:00000c6c       ??_C@_1O@CEDCILHN@?$AA?$CI?$AAn?$AAu?$AAl?$AAl?$AA?$CJ?$AA?$AA@ 1001bc6c     LIBCMT:output.obj
 0002:00000c80       ___lookuptable             1001bc80     LIBCMT:output.obj
 0002:00000cec       ??_C@_1M@HPNHIDJI@?$AAj?$AAa?$AA?9?$AAJ?$AAP?$AA?$AA@ 1001bcec     LIBCMT:mbctype.obj
 0002:00000cf8       ??_C@_1M@BIBDDEMK@?$AAz?$AAh?$AA?9?$AAC?$AAN?$AA?$AA@ 1001bcf8     LIBCMT:mbctype.obj
 0002:00000d04       ??_C@_1M@JLOOOEGK@?$AAk?$AAo?$AA?9?$AAK?$AAR?$AA?$AA@ 1001bd04     LIBCMT:mbctype.obj
 0002:00000d10       ??_C@_1M@CLNBBOPM@?$AAz?$AAh?$AA?9?$AAT?$AAW?$AA?$AA@ 1001bd10     LIBCMT:mbctype.obj
 0002:00000d1c       ??_C@_03KOEHGMDN@Sun?$AA@  1001bd1c     LIBCMT:nlsdata.obj
 0002:00000d20       ??_C@_03PDAGKDH@Mon?$AA@   1001bd20     LIBCMT:nlsdata.obj
 0002:00000d24       ??_C@_03NAGEINEP@Tue?$AA@  1001bd24     LIBCMT:nlsdata.obj
 0002:00000d28       ??_C@_03MHOMLAJA@Wed?$AA@  1001bd28     LIBCMT:nlsdata.obj
 0002:00000d2c       ??_C@_03IOFIKPDN@Thu?$AA@  1001bd2c     LIBCMT:nlsdata.obj
 0002:00000d30       ??_C@_03IDIOELNC@Fri?$AA@  1001bd30     LIBCMT:nlsdata.obj
 0002:00000d34       ??_C@_03FEFJNEK@Sat?$AA@   1001bd34     LIBCMT:nlsdata.obj
 0002:00000d38       ??_C@_06OOPIFAJ@Sunday?$AA@ 1001bd38     LIBCMT:nlsdata.obj
 0002:00000d40       ??_C@_06JLEDEDGH@Monday?$AA@ 1001bd40     LIBCMT:nlsdata.obj
 0002:00000d48       ??_C@_07BAAGCFCM@Tuesday?$AA@ 1001bd48     LIBCMT:nlsdata.obj
 0002:00000d50       ??_C@_09DLIGFAKA@Wednesday?$AA@ 1001bd50     LIBCMT:nlsdata.obj
 0002:00000d5c       ??_C@_08HACCIKIA@Thursday?$AA@ 1001bd5c     LIBCMT:nlsdata.obj
 0002:00000d68       ??_C@_06JECMNKMI@Friday?$AA@ 1001bd68     LIBCMT:nlsdata.obj
 0002:00000d70       ??_C@_08INBOOONO@Saturday?$AA@ 1001bd70     LIBCMT:nlsdata.obj
 0002:00000d7c       ??_C@_03JIHJHPIE@Jan?$AA@  1001bd7c     LIBCMT:nlsdata.obj
 0002:00000d80       ??_C@_03HJBDCHOM@Feb?$AA@  1001bd80     LIBCMT:nlsdata.obj
 0002:00000d84       ??_C@_03ODNJBKGA@Mar?$AA@  1001bd84     LIBCMT:nlsdata.obj
 0002:00000d88       ??_C@_03LEOLGMJP@Apr?$AA@  1001bd88     LIBCMT:nlsdata.obj
 0002:00000d8c       ??_C@_03CNMDKL@May?$AA@    1001bd8c     LIBCMT:nlsdata.obj
 0002:00000d90       ??_C@_03IDFGHECI@Jun?$AA@  1001bd90     LIBCMT:nlsdata.obj
 0002:00000d94       ??_C@_03LBGABGKK@Jul?$AA@  1001bd94     LIBCMT:nlsdata.obj
 0002:00000d98       ??_C@_03IFJFEIGA@Aug?$AA@  1001bd98     LIBCMT:nlsdata.obj
 0002:00000d9c       ??_C@_03GGCAPAJC@Sep?$AA@  1001bd9c     LIBCMT:nlsdata.obj
 0002:00000da0       ??_C@_03BMAOKBAD@Oct?$AA@  1001bda0     LIBCMT:nlsdata.obj
 0002:00000da4       ??_C@_03JPJOFNIA@Nov?$AA@  1001bda4     LIBCMT:nlsdata.obj
 0002:00000da8       ??_C@_03MKABNOCG@Dec?$AA@  1001bda8     LIBCMT:nlsdata.obj
 0002:00000dac       ??_C@_07CGJPFGJA@January?$AA@ 1001bdac     LIBCMT:nlsdata.obj
 0002:00000db4       ??_C@_08GNJGEPFN@February?$AA@ 1001bdb4     LIBCMT:nlsdata.obj
 0002:00000dc0       ??_C@_05HPCKOFNC@March?$AA@ 1001bdc0     LIBCMT:nlsdata.obj
 0002:00000dc8       ??_C@_05DMJDNLEJ@April?$AA@ 1001bdc8     LIBCMT:nlsdata.obj
 0002:00000dd0       ??_C@_04CNLMGBGM@June?$AA@ 1001bdd0     LIBCMT:nlsdata.obj
 0002:00000dd8       ??_C@_04MIEPOIFP@July?$AA@ 1001bdd8     LIBCMT:nlsdata.obj
 0002:00000de0       ??_C@_06LBBHFDDG@August?$AA@ 1001bde0     LIBCMT:nlsdata.obj
 0002:00000de8       ??_C@_09BHHEALKD@September?$AA@ 1001bde8     LIBCMT:nlsdata.obj
 0002:00000df4       ??_C@_07JJNFCEND@October?$AA@ 1001bdf4     LIBCMT:nlsdata.obj
 0002:00000dfc       ??_C@_08HCHEGEOA@November?$AA@ 1001bdfc     LIBCMT:nlsdata.obj
 0002:00000e08       ??_C@_08EDHMEBNP@December?$AA@ 1001be08     LIBCMT:nlsdata.obj
 0002:00000e14       ??_C@_02DEDBPAFC@AM?$AA@   1001be14     LIBCMT:nlsdata.obj
 0002:00000e18       ??_C@_02CJNFDJBF@PM?$AA@   1001be18     LIBCMT:nlsdata.obj
 0002:00000e1c       ??_C@_08BPBNCDIB@MM?1dd?1yy?$AA@ 1001be1c     LIBCMT:nlsdata.obj
 0002:00000e28       ??_C@_0BE@CKGJFCPC@dddd?0?5MMMM?5dd?0?5yyyy?$AA@ 1001be28     LIBCMT:nlsdata.obj
 0002:00000e3c       ??_C@_08JCCMCCIL@HH?3mm?3ss?$AA@ 1001be3c     LIBCMT:nlsdata.obj
 0002:00000e48       ??_C@_17MBGCMIPB@?$AAS?$AAu?$AAn?$AA?$AA@ 1001be48     LIBCMT:nlsdata.obj
 0002:00000e50       ??_C@_17KBOMKBF@?$AAM?$AAo?$AAn?$AA?$AA@ 1001be50     LIBCMT:nlsdata.obj
 0002:00000e58       ??_C@_17BMKGEGOJ@?$AAT?$AAu?$AAe?$AA?$AA@ 1001be58     LIBCMT:nlsdata.obj
 0002:00000e60       ??_C@_17CJEDCEPE@?$AAW?$AAe?$AAd?$AA?$AA@ 1001be60     LIBCMT:nlsdata.obj
 0002:00000e68       ??_C@_17PDPHAADD@?$AAT?$AAh?$AAu?$AA?$AA@ 1001be68     LIBCMT:nlsdata.obj
 0002:00000e70       ??_C@_17HFOLPPLP@?$AAF?$AAr?$AAi?$AA?$AA@ 1001be70     LIBCMT:nlsdata.obj
 0002:00000e78       ??_C@_17GGIBDPIH@?$AAS?$AAa?$AAt?$AA?$AA@ 1001be78     LIBCMT:nlsdata.obj
 0002:00000e80       ??_C@_1O@IHNHDHPB@?$AAS?$AAu?$AAn?$AAd?$AAa?$AAy?$AA?$AA@ 1001be80     LIBCMT:nlsdata.obj
 0002:00000e90       ??_C@_1O@MMNBFLIA@?$AAM?$AAo?$AAn?$AAd?$AAa?$AAy?$AA?$AA@ 1001be90     LIBCMT:nlsdata.obj
 0002:00000ea0       ??_C@_1BA@ENFBFFEK@?$AAT?$AAu?$AAe?$AAs?$AAd?$AAa?$AAy?$AA?$AA@ 1001bea0     LIBCMT:nlsdata.obj
 0002:00000eb0       ??_C@_1BE@EBOGMDOH@?$AAW?$AAe?$AAd?$AAn?$AAe?$AAs?$AAd?$AAa?$AAy?$AA?$AA@ 1001beb0     LIBCMT:nlsdata.obj
 0002:00000ec4       ??_C@_1BC@HHMNLIHE@?$AAT?$AAh?$AAu?$AAr?$AAs?$AAd?$AAa?$AAy?$AA?$AA@ 1001bec4     LIBCMT:nlsdata.obj
 0002:00000ed8       ??_C@_1O@PDICJHAG@?$AAF?$AAr?$AAi?$AAd?$AAa?$AAy?$AA?$AA@ 1001bed8     LIBCMT:nlsdata.obj
 0002:00000ee8       ??_C@_1BC@ENMNNPAJ@?$AAS?$AAa?$AAt?$AAu?$AAr?$AAd?$AAa?$AAy?$AA?$AA@ 1001bee8     LIBCMT:nlsdata.obj
 0002:00000efc       ??_C@_17DKNBKCHM@?$AAJ?$AAa?$AAn?$AA?$AA@ 1001befc     LIBCMT:nlsdata.obj
 0002:00000f04       ??_C@_17LMDJEKJN@?$AAF?$AAe?$AAb?$AA?$AA@ 1001bf04     LIBCMT:nlsdata.obj
 0002:00000f0c       ??_C@_17CKNLEDEC@?$AAM?$AAa?$AAr?$AA?$AA@ 1001bf0c     LIBCMT:nlsdata.obj
 0002:00000f14       ??_C@_17LFPOIHDD@?$AAA?$AAp?$AAr?$AA?$AA@ 1001bf14     LIBCMT:nlsdata.obj
 0002:00000f1c       ??_C@_17PNNKMEED@?$AAM?$AAa?$AAy?$AA?$AA@ 1001bf1c     LIBCMT:nlsdata.obj
 0002:00000f24       ??_C@_17KCJGOCPB@?$AAJ?$AAu?$AAn?$AA?$AA@ 1001bf24     LIBCMT:nlsdata.obj
 0002:00000f2c       ??_C@_17IJPCKHK@?$AAJ?$AAu?$AAl?$AA?$AA@ 1001bf2c     LIBCMT:nlsdata.obj
 0002:00000f34       ??_C@_17ICPELBCN@?$AAA?$AAu?$AAg?$AA?$AA@ 1001bf34     LIBCMT:nlsdata.obj
 0002:00000f3c       ??_C@_17HCHCOKMG@?$AAS?$AAe?$AAp?$AA?$AA@ 1001bf3c     LIBCMT:nlsdata.obj
 0002:00000f44       ??_C@_17FNLKOI@?$AAO?$AAc?$AAt?$AA?$AA@ 1001bf44     LIBCMT:nlsdata.obj
 0002:00000f4c       ??_C@_17BBDMLCIG@?$AAN?$AAo?$AAv?$AA?$AA@ 1001bf4c     LIBCMT:nlsdata.obj
 0002:00000f54       ??_C@_17EGKACKIF@?$AAD?$AAe?$AAc?$AA?$AA@ 1001bf54     LIBCMT:nlsdata.obj
 0002:00000f5c       ??_C@_1BA@EFMEIEBA@?$AAJ?$AAa?$AAn?$AAu?$AAa?$AAr?$AAy?$AA?$AA@ 1001bf5c     LIBCMT:nlsdata.obj
 0002:00000f6c       ??_C@_1BC@JGDDFFAM@?$AAF?$AAe?$AAb?$AAr?$AAu?$AAa?$AAr?$AAy?$AA?$AA@ 1001bf6c     LIBCMT:nlsdata.obj
 0002:00000f80       ??_C@_1M@IKEENEDF@?$AAM?$AAa?$AAr?$AAc?$AAh?$AA?$AA@ 1001bf80     LIBCMT:nlsdata.obj
 0002:00000f8c       ??_C@_1M@GJNLMHFD@?$AAA?$AAp?$AAr?$AAi?$AAl?$AA?$AA@ 1001bf8c     LIBCMT:nlsdata.obj
 0002:00000f98       ??_C@_19EPFLPGAP@?$AAJ?$AAu?$AAn?$AAe?$AA?$AA@ 1001bf98     LIBCMT:nlsdata.obj
 0002:00000fa4       ??_C@_19BIFMLPCD@?$AAJ?$AAu?$AAl?$AAy?$AA?$AA@ 1001bfa4     LIBCMT:nlsdata.obj
 0002:00000fb0       ??_C@_1O@PAHLKOAC@?$AAA?$AAu?$AAg?$AAu?$AAs?$AAt?$AA?$AA@ 1001bfb0     LIBCMT:nlsdata.obj
 0002:00000fc0       ??_C@_1BE@DKAAMBJL@?$AAS?$AAe?$AAp?$AAt?$AAe?$AAm?$AAb?$AAe?$AAr?$AA?$AA@ 1001bfc0     LIBCMT:nlsdata.obj
 0002:00000fd4       ??_C@_1BA@EPANDLNG@?$AAO?$AAc?$AAt?$AAo?$AAb?$AAe?$AAr?$AA?$AA@ 1001bfd4     LIBCMT:nlsdata.obj
 0002:00000fe4       ??_C@_1BC@BGLIFPF@?$AAN?$AAo?$AAv?$AAe?$AAm?$AAb?$AAe?$AAr?$AA?$AA@ 1001bfe4     LIBCMT:nlsdata.obj
 0002:00000ff8       ??_C@_1BC@FEMKIFH@?$AAD?$AAe?$AAc?$AAe?$AAm?$AAb?$AAe?$AAr?$AA?$AA@ 1001bff8     LIBCMT:nlsdata.obj
 0002:0000100c       ??_C@_15ODEHAHHF@?$AAA?$AAM?$AA?$AA@ 1001c00c     LIBCMT:nlsdata.obj
 0002:00001014       ??_C@_15CLMNNGEL@?$AAP?$AAM?$AA?$AA@ 1001c014     LIBCMT:nlsdata.obj
 0002:0000101c       ??_C@_1BC@IEBCMHCM@?$AAM?$AAM?$AA?1?$AAd?$AAd?$AA?1?$AAy?$AAy?$AA?$AA@ 1001c01c     LIBCMT:nlsdata.obj
 0002:00001030       ??_C@_1CI@KNAKOEBC@?$AAd?$AAd?$AAd?$AAd?$AA?0?$AA?5?$AAM?$AAM?$AAM?$AAM?$AA?5?$AAd?$AAd?$AA?0?$AA?5?$AAy?$AAy?$AAy?$AAy?$AA?$AA@ 1001c030     LIBCMT:nlsdata.obj
 0002:00001058       ??_C@_1BC@GDGBMEMK@?$AAH?$AAH?$AA?3?$AAm?$AAm?$AA?3?$AAs?$AAs?$AA?$AA@ 1001c058     LIBCMT:nlsdata.obj
 0002:0000106c       ??_C@_1M@BMHNFIME@?$AAe?$AAn?$AA?9?$AAU?$AAS?$AA?$AA@ 1001c06c     LIBCMT:nlsdata.obj
 0002:00001078       __sys_errlist              1001c078     LIBCMT:syserr.obj
 0002:00001128       ??_C@_08INEPGKHH@No?5error?$AA@ 1001c128     LIBCMT:syserr.obj
 0002:00001134       ??_C@_0BI@BJFCGOHL@Operation?5not?5permitted?$AA@ 1001c134     LIBCMT:syserr.obj
 0002:0000114c       ??_C@_0BK@FMDHKPNF@No?5such?5file?5or?5directory?$AA@ 1001c14c     LIBCMT:syserr.obj
 0002:00001168       ??_C@_0BA@FKIAIBGA@No?5such?5process?$AA@ 1001c168     LIBCMT:syserr.obj
 0002:00001178       ??_C@_0BK@FJBOAFDK@Interrupted?5function?5call?$AA@ 1001c178     LIBCMT:syserr.obj
 0002:00001194       ??_C@_0BD@KKNFOBBD@Input?1output?5error?$AA@ 1001c194     LIBCMT:syserr.obj
 0002:000011a8       ??_C@_0BK@DPKMCKJ@No?5such?5device?5or?5address?$AA@ 1001c1a8     LIBCMT:syserr.obj
 0002:000011c4       ??_C@_0BC@MFFGCDFL@Arg?5list?5too?5long?$AA@ 1001c1c4     LIBCMT:syserr.obj
 0002:000011d8       ??_C@_0BC@HKPNECK@Exec?5format?5error?$AA@ 1001c1d8     LIBCMT:syserr.obj
 0002:000011ec       ??_C@_0BE@NFGDDCEF@Bad?5file?5descriptor?$AA@ 1001c1ec     LIBCMT:syserr.obj
 0002:00001200       ??_C@_0BD@LOHELEP@No?5child?5processes?$AA@ 1001c200     LIBCMT:syserr.obj
 0002:00001214       ??_C@_0CB@EPFKGNAK@Resource?5temporarily?5unavailable@ 1001c214     LIBCMT:syserr.obj
 0002:00001238       ??_C@_0BB@IMDKMPFB@Not?5enough?5space?$AA@ 1001c238     LIBCMT:syserr.obj
 0002:0000124c       ??_C@_0BC@HFNFNKAI@Permission?5denied?$AA@ 1001c24c     LIBCMT:syserr.obj
 0002:00001260       ??_C@_0M@LOEHLCJD@Bad?5address?$AA@ 1001c260     LIBCMT:syserr.obj
 0002:0000126c       ??_C@_0O@NIPGCINC@Unknown?5error?$AA@ 1001c26c     LIBCMT:syserr.obj
 0002:0000127c       ??_C@_0BA@BIBLIOEK@Resource?5device?$AA@ 1001c27c     LIBCMT:syserr.obj
 0002:0000128c       ??_C@_0M@NAAJNNGH@File?5exists?$AA@ 1001c28c     LIBCMT:syserr.obj
 0002:00001298       ??_C@_0O@OAMDNOCP@Improper?5link?$AA@ 1001c298     LIBCMT:syserr.obj
 0002:000012a8       ??_C@_0P@NLEIANHE@No?5such?5device?$AA@ 1001c2a8     LIBCMT:syserr.obj
 0002:000012b8       ??_C@_0BA@CJBACOOL@Not?5a?5directory?$AA@ 1001c2b8     LIBCMT:syserr.obj
 0002:000012c8       ??_C@_0P@NDHGCGKE@Is?5a?5directory?$AA@ 1001c2c8     LIBCMT:syserr.obj
 0002:000012d8       ??_C@_0BB@HMGGCEBG@Invalid?5argument?$AA@ 1001c2d8     LIBCMT:syserr.obj
 0002:000012ec       ??_C@_0BO@IIFBODJE@Too?5many?5open?5files?5in?5system?$AA@ 1001c2ec     LIBCMT:syserr.obj
 0002:0000130c       ??_C@_0BE@INBJMKGG@Too?5many?5open?5files?$AA@ 1001c30c     LIBCMT:syserr.obj
 0002:00001320       ??_C@_0CE@ONOKNLPF@Inappropriate?5I?1O?5control?5operat@ 1001c320     LIBCMT:syserr.obj
 0002:00001344       ??_C@_0P@LFMMIPAE@File?5too?5large?$AA@ 1001c344     LIBCMT:syserr.obj
 0002:00001354       ??_C@_0BI@FEALHKLD@No?5space?5left?5on?5device?$AA@ 1001c354     LIBCMT:syserr.obj
 0002:0000136c       ??_C@_0N@FEHLOILP@Invalid?5seek?$AA@ 1001c36c     LIBCMT:syserr.obj
 0002:0000137c       ??_C@_0BG@DDBFNKBH@Read?9only?5file?5system?$AA@ 1001c37c     LIBCMT:syserr.obj
 0002:00001394       ??_C@_0P@PKCJJLLM@Too?5many?5links?$AA@ 1001c394     LIBCMT:syserr.obj
 0002:000013a4       ??_C@_0M@LHEPIIOM@Broken?5pipe?$AA@ 1001c3a4     LIBCMT:syserr.obj
 0002:000013b0       ??_C@_0N@MMJPGLJK@Domain?5error?$AA@ 1001c3b0     LIBCMT:syserr.obj
 0002:000013c0       ??_C@_0BB@FCBJFCAJ@Result?5too?5large?$AA@ 1001c3c0     LIBCMT:syserr.obj
 0002:000013d4       ??_C@_0BK@JAEBMJJM@Resource?5deadlock?5avoided?$AA@ 1001c3d4     LIBCMT:syserr.obj
 0002:000013f0       ??_C@_0BC@BEDIHIDK@Filename?5too?5long?$AA@ 1001c3f0     LIBCMT:syserr.obj
 0002:00001404       ??_C@_0BD@CLHBCGPB@No?5locks?5available?$AA@ 1001c404     LIBCMT:syserr.obj
 0002:00001418       ??_C@_0BJ@IHEHINLI@Function?5not?5implemented?$AA@ 1001c418     LIBCMT:syserr.obj
 0002:00001434       ??_C@_0BE@ICMCHPHH@Directory?5not?5empty?$AA@ 1001c434     LIBCMT:syserr.obj
 0002:00001448       ??_C@_0BG@KLEAJEFJ@Illegal?5byte?5sequence?$AA@ 1001c448     LIBCMT:syserr.obj
 0002:00001480       __XcptActTab               1001c480     LIBCMT:winxfltr.obj
 0002:00001510       __XcptActTabCount          1001c510     LIBCMT:winxfltr.obj
 0002:00001514       __XcptActTabSize           1001c514     LIBCMT:winxfltr.obj
 0002:00001518       __First_FPE_Indx           1001c518     LIBCMT:winxfltr.obj
 0002:0000151c       __Num_FPE                  1001c51c     LIBCMT:winxfltr.obj
 0002:00001520       ??_C@_1BG@GOEBHBDC@?$AAU?$AAS?$AAE?$AAR?$AA3?$AA2?$AA?4?$AAD?$AAL?$AAL?$AA?$AA@ 1001c520     LIBCMT:crtmboxw.obj
 0002:00001538       ??_C@_0M@DLDCCGNP@MessageBoxW?$AA@ 1001c538     LIBCMT:crtmboxw.obj
 0002:00001544       ??_C@_0BA@HNOPNCHB@GetActiveWindow?$AA@ 1001c544     LIBCMT:crtmboxw.obj
 0002:00001554       ??_C@_0BD@HHGDFDBJ@GetLastActivePopup?$AA@ 1001c554     LIBCMT:crtmboxw.obj
 0002:00001568       ??_C@_0BK@DEKFELLI@GetUserObjectInformationW?$AA@ 1001c568     LIBCMT:crtmboxw.obj
 0002:00001584       ??_C@_0BI@DFKBFLJE@GetProcessWindowStation?$AA@ 1001c584     LIBCMT:crtmboxw.obj
 0002:000015a8       ___newctype                1001c5a8     LIBCMT:ctype.obj
 0002:000018a8       __wctype                   1001c8a8     LIBCMT:ctype.obj
 0002:00001ab0       ___newclmap                1001cab0     LIBCMT:ctype.obj
 0002:00001c30       ___newcumap                1001cc30     LIBCMT:ctype.obj
 0002:00001db0       ??_C@_1BA@BALFACEM@?$AAC?$AAO?$AAN?$AAO?$AAU?$AAT?$AA$?$AA?$AA@ 1001cdb0     LIBCMT:initcon.obj
 0002:00001e40       ___lookuptable_s           1001ce40     LIBCMT:outputs.obj
 0002:00001e9c       ??_C@_05IAIEPMAK@1?42?48?$AA@ 1001ce9c     compress.obj
 0002:00003f28       _deflate_copyright         1001ef28     deflate.obj
 0002:00005180       _inflate_copyright         10020180     inftrees.obj
 0002:000051f0       __dist_code                100201f0     trees.obj
 0002:000053f0       __length_code              100203f0     trees.obj
 0002:00005c28       _unz_copyright             10020c28     unzip.obj
 0002:00005c80       _zip_copyright             10020c80     zip.obj
 0002:00005cd0       _z_errmsg                  10020cd0     zutil.obj
 0002:00005cf8       ??_C@_02DKCKIIND@?$CFs?$AA@ 10020cf8     gzlib.obj
 0002:00005cfc       ??_C@_07EBNKNFJN@?$DMfd?3?$CFd?$DO?$AA@ 10020cfc     gzlib.obj
 0002:00005d04       ??_C@_0O@BNNCBLEN@out?5of?5memory?$AA@ 10020d04     gzlib.obj
 0002:00005d12       ??_C@_00CNPNBAHC@?$AA@     10020d12     gzlib.obj
 0002:00005d14       ??_C@_02LMMGGCAJ@?3?5?$AA@ 10020d14     gzlib.obj
 0002:00005d18       ??_C@_06DIJPEION@?$CFs?$CFs?$CFs?$AA@ 10020d18     gzlib.obj
 0002:00005d20       ??_C@_0BH@CFIIDOJD@unexpected?5end?5of?5file?$AA@ 10020d20     gzread.obj
 0002:00005d38       ??_C@_0CH@CPOLIEKA@internal?5error?3?5inflate?5stream?5c@ 10020d38     gzread.obj
 0002:00005d60       ??_C@_0BG@HCKBMIHF@compressed?5data?5error?$AA@ 10020d60     gzread.obj
 0002:00005d78       ??_C@_0CF@MLPJFDMM@requested?5length?5does?5not?5fit?5in@ 10020d78     gzread.obj
 0002:00005da0       ??_C@_0BP@IIKIGMCC@out?5of?5room?5to?5push?5characters?$AA@ 10020da0     gzread.obj
 0002:00005dc0       ??_C@_0CH@DEEGAHIB@internal?5error?3?5deflate?5stream?5c@ 10020dc0     gzwrite.obj
 0002:00005de8       ??_C@_0BD@PJCBIDD@invalid?5block?5type?$AA@ 10020de8     infback.obj
 0002:00005dfc       ??_C@_0BN@LGAADGOK@invalid?5stored?5block?5lengths?$AA@ 10020dfc     infback.obj
 0002:00005e1c       ??_C@_0CE@GMIGFPBB@too?5many?5length?5or?5distance?5symb@ 10020e1c     infback.obj
 0002:00005e40       ??_C@_0BJ@HDEPPGOH@invalid?5code?5lengths?5set?$AA@ 10020e40     infback.obj
 0002:00005e5c       ??_C@_0BK@BMMPFBBH@invalid?5bit?5length?5repeat?$AA@ 10020e5c     infback.obj
 0002:00005e78       ??_C@_0CF@DGDMADCD@invalid?5code?5?9?9?5missing?5end?9of?9b@ 10020e78     infback.obj
 0002:00005ea0       ??_C@_0BM@IIMGAINC@invalid?5literal?1lengths?5set?$AA@ 10020ea0     infback.obj
 0002:00005ebc       ??_C@_0BG@GMDFCBGP@invalid?5distances?5set?$AA@ 10020ebc     infback.obj
 0002:00005ed4       ??_C@_0BM@FFFLPBBC@invalid?5literal?1length?5code?$AA@ 10020ed4     infback.obj
 0002:00005ef0       ??_C@_0BG@LBKINIKP@invalid?5distance?5code?$AA@ 10020ef0     infback.obj
 0002:00005f08       ??_C@_0BO@ECPMAOGG@invalid?5distance?5too?5far?5back?$AA@ 10020f08     infback.obj
 0002:00005f28       ??_C@_0BH@LIBMMIGA@incorrect?5header?5check?$AA@ 10020f28     inflate.obj
 0002:00005f40       ??_C@_0BL@IHKGDAEE@unknown?5compression?5method?$AA@ 10020f40     inflate.obj
 0002:00005f5c       ??_C@_0BE@EMOGCLGO@invalid?5window?5size?$AA@ 10020f5c     inflate.obj
 0002:00005f70       ??_C@_0BJ@BLBBCOMO@unknown?5header?5flags?5set?$AA@ 10020f70     inflate.obj
 0002:00005f8c       ??_C@_0BE@GONKLEPM@header?5crc?5mismatch?$AA@ 10020f8c     inflate.obj
 0002:00005fa0       ??_C@_0BF@MEIGEHBE@incorrect?5data?5check?$AA@ 10020fa0     inflate.obj
 0002:00005fb8       ??_C@_0BH@FGKKJGOC@incorrect?5length?5check?$AA@ 10020fb8     inflate.obj
 0002:00005fd0       ??_C@_02JDPG@rb?$AA@       10020fd0     ioapi.obj
 0002:00005fd4       ??_C@_03HMFOOINA@r?$CLb?$AA@ 10020fd4     ioapi.obj
 0002:00005fd8       ??_C@_02GMLFBBN@wb?$AA@    10020fd8     ioapi.obj
 0002:00005fdc       ??_C@_01JOAMLHOP@?9?$AA@   10020fdc     zip.obj
 0002:00005fe0       ??_C@_0BA@MOKMMFOD@need?5dictionary?$AA@ 10020fe0     zutil.obj
 0002:00005ff0       ??_C@_0L@FNAOCBOG@stream?5end?$AA@ 10020ff0     zutil.obj
 0002:00005ffc       ??_C@_0L@KIJFAKBJ@file?5error?$AA@ 10020ffc     zutil.obj
 0002:00006008       ??_C@_0N@MKKNPMJD@stream?5error?$AA@ 10021008     zutil.obj
 0002:00006018       ??_C@_0L@HAHMBNLP@data?5error?$AA@ 10021018     zutil.obj
 0002:00006024       ??_C@_0BE@OGGJBMCE@insufficient?5memory?$AA@ 10021024     zutil.obj
 0002:00006038       ??_C@_0N@DFPGLBGC@buffer?5error?$AA@ 10021038     zutil.obj
 0002:00006048       ??_C@_0BF@CJFPCCEG@incompatible?5version?$AA@ 10021048     zutil.obj
 0002:00006060       __load_config_used         10021060     LIBCMT:loadcfg.obj
 0002:000060b0       ___safe_se_handler_table   100210b0     <linker-defined>
 0002:000060bc       ___rtc_iaa                 100210bc     LIBCMT:initsect.obj
 0002:000060c0       ___rtc_izz                 100210c0     LIBCMT:initsect.obj
 0002:000060c4       ___rtc_taa                 100210c4     LIBCMT:initsect.obj
 0002:000060c8       ___rtc_tzz                 100210c8     LIBCMT:initsect.obj
 0002:0000652c       __IMPORT_DESCRIPTOR_KERNEL32 1002152c     kernel32:KERNEL32.dll
 0002:00006540       __NULL_IMPORT_DESCRIPTOR   10021540     kernel32:KERNEL32.dll
 0003:00000180       __lookuptrailbytes         10023180     LIBCMT:read.obj
 0003:00000280       ___badioinfo               10023280     LIBCMT:ioinit.obj
 0003:000002c4       ___nullstring              100232c4     LIBCMT:output.obj
 0003:000002c8       ___wnullstring             100232c8     LIBCMT:output.obj
 0003:000002d4       ___ptmbcinfo               100232d4     LIBCMT:mbctype.obj
 0003:000003c8       __mbctype                  100233c8     LIBCMT:mbctype.obj
 0003:000004d0       __mbcasemap                100234d0     LIBCMT:mbctype.obj
 0003:000005d0       ___initialmbcinfo          100235d0     LIBCMT:mbctype.obj
 0003:000007f0       ___flsindex                100237f0     LIBCMT:tidtable.obj
 0003:000007f4       ___wclocalestr             100237f4     LIBCMT:nlsdata.obj
 0003:000007f8       ___lc_time_c               100237f8     LIBCMT:nlsdata.obj
 0003:0000095c       ___ptlocinfo               1002395c     LIBCMT:nlsdata.obj
 0003:00000960       ___initiallocinfo          10023960     LIBCMT:nlsdata.obj
 0003:00000a18       ___mb_cur_max              10023a18     LIBCMT:nlsdata.obj
 0003:00000a1c       ___globallocalestatus      10023a1c     LIBCMT:glstatus.obj
 0003:00000a20       ___security_cookie         10023a20     LIBCMT:gs_cookie.obj
 0003:00000a24       ___security_cookie_complement 10023a24     LIBCMT:gs_cookie.obj
 0003:00000a28       __sys_nerr                 10023a28     LIBCMT:syserr.obj
 0003:00000a30       __iob                      10023a30     LIBCMT:_file.obj
 0003:00000dd0       __cfltcvt_tab              10023dd0     LIBCMT:cmiscdat.obj
 0003:00000e00       ___lconv                   10023e00     LIBCMT:lconv.obj
 0003:00000e04       ___lconv_static_decimal    10023e04     LIBCMT:lconv.obj
 0003:00000e08       ___lconv_c                 10023e08     LIBCMT:lconv.obj
 0003:00000e58       ___lconv_static_W_decimal  10023e58     LIBCMT:lconv.obj
 0003:00000e5c       __pctype                   10023e5c     LIBCMT:ctype.obj
 0003:00000e60       __pwctype                  10023e60     LIBCMT:ctype.obj
 0003:00000e64       __confh                    10023e64     LIBCMT:initcon.obj
 0003:00000e70       __NLG_Destination          10023e70     LIBCMT:exsup.obj
 0003:00000e80       ___isa_enabled             10023e80     LIBCMT:cpu_disp.obj
 0003:00000e84       ___abort_behavior          10023e84     LIBCMT:abort.obj
 0003:00000ee0       __aenvptr                  10023ee0     LIBCMT:dllcrt0.obj
 0003:00000ee4       __wenvptr                  10023ee4     LIBCMT:dllcrt0.obj
 0003:00000eec       ___pInvalidArgHandler      10023eec     LIBCMT:invarg.obj
 0003:00000ef0       ___ioInitOnce              10023ef0     LIBCMT:ioinit.obj
 0003:00000ef4       __C_Exit_Done              10023ef4     LIBCMT:crt0dat.obj
 0003:00000ef8       ___argc                    10023ef8     LIBCMT:crt0dat.obj
 0003:00000efc       ___argv                    10023efc     LIBCMT:crt0dat.obj
 0003:00000f00       ___wargv                   10023f00     LIBCMT:crt0dat.obj
 0003:00000f04       __environ                  10023f04     LIBCMT:crt0dat.obj
 0003:00000f08       __wenviron                 10023f08     LIBCMT:crt0dat.obj
 0003:00000f0c       __pgmptr                   10023f0c     LIBCMT:crt0dat.obj
 0003:00000f10       __wpgmptr                  10023f10     LIBCMT:crt0dat.obj
 0003:00000f14       __umaskval                 10023f14     LIBCMT:crt0dat.obj
 0003:00000f18       __exitflag                 10023f18     LIBCMT:crt0dat.obj
 0003:00000f1c       __C_Termination_Done       10023f1c     LIBCMT:crt0dat.obj
 0003:00000f20       ___winitenv                10023f20     LIBCMT:crt0dat.obj
 0003:00000f24       ___initenv                 10023f24     LIBCMT:crt0dat.obj
 0003:00000f28       __crtheap                  10023f28     LIBCMT:heapinit.obj
 0003:00000f2c       ?_pnhHeap@@3P6AHI@ZA       10023f2c     LIBCMT:handler.obj
 0003:00000f30       ___app_type                10023f30     LIBCMT:crt0msg.obj
 0003:00001560       __newmode                  10024560     LIBCMT:_newmode.obj
 0003:00001564       ___mblocalename            10024564     LIBCMT:mbctype.obj
 0003:00001568       ___mbcodepage              10024568     LIBCMT:mbctype.obj
 0003:0000156c       ___ismbcodepage            1002456c     LIBCMT:mbctype.obj
 0003:00001570       ___mbulinfo                10024570     LIBCMT:mbctype.obj
 0003:00001580       __maxwait                  10024580     LIBCMT:crtheap.obj
 0003:00001584       __cflush                   10024584     LIBCMT:_file.obj
 0003:000017e0       __fmode                    100247e0     LIBCMT:txtmode.obj
 0003:000017e4       ?__pInconsistency@@3P6AXXZA 100247e4     LIBCMT:hooks.obj
 0003:000017e8       ___pPurecall               100247e8     LIBCMT:inithelp.obj
 0003:00001804       __stdbuf                   10024804     LIBCMT:_sftbuf.obj
 0003:0000180c       ___error_mode              1002480c     LIBCMT:errmode.obj
 0003:00001828       ___lconv_static_null       10024828     LIBCMT:lconv.obj
 0003:0000182c       ___lconv_static_W_null     1002482c     LIBCMT:lconv.obj
 0003:00001b50       __commode                  10024b50     LIBCMT:ncommode.obj
 0003:00001b54       ___isa_available           10024b54     LIBCMT:cpu_disp.obj
 0003:00001b58       ___favor                   10024b58     LIBCMT:cpu_disp.obj
 0003:00001b5c       ___locale_changed          10024b5c     LIBCMT:wsetloca.obj
 0003:00001b64       __debugger_hook_dummy      10024b64     <common>
 0003:00001b68       ___piob                    10024b68     <common>
 0003:00001b6c       __nstream                  10024b6c     <common>
 0003:00001b80       __bufin                    10024b80     <common>
 0003:00002b80       ___dyn_tls_init_callback   10025b80     <common>
 0003:00002b84       ___onexitend               10025b84     <common>
 0003:00002b88       ___onexitbegin             10025b88     <common>
 0003:00002b8c       __FPinit                   10025b8c     <common>
 0003:00002b90       ___mbctype_initialized     10025b90     <common>
 0003:00002b94       ___env_initialized         10025b94     <common>
 0003:00002b98       __pDestructExceptionObject 10025b98     <common>
 0003:00002b9c       __nhandle                  10025b9c     <common>
 0003:00002ba0       ___pioinfo                 10025ba0     <common>
 0003:00002ca0       __acmdln                   10025ca0     <common>

 entry point at        0001:00011e0b

 Static symbols

 0001:00000280       _adler32_combine_          10001280 f   * CIL library *:* CIL module *
 0001:00000490       _crc32_little              10001490 f   * CIL library *:* CIL module *
 0001:00000750       _gf2_matrix_times          10001750 f   * CIL library *:* CIL module *
 0001:00000770       _gf2_matrix_square         10001770 f   * CIL library *:* CIL module *
 0001:000007b0       _crc32_combine_            100017b0 f   * CIL library *:* CIL module *
 0001:000010d0       _putShortMSB               100020d0 f   * CIL library *:* CIL module *
 0001:00001100       _flush_pending             10002100 f   * CIL library *:* CIL module *
 0001:00001c30       _read_buf                  10002c30 f   * CIL library *:* CIL module *
 0001:00001cb0       _lm_init                   10002cb0 f   * CIL library *:* CIL module *
 0001:00001d60       _fill_window               10002d60 f   * CIL library *:* CIL module *
 0001:00001f40       _deflate_stored            10002f40 f   * CIL library *:* CIL module *
 0001:000020c0       _deflate_fast              100030c0 f   * CIL library *:* CIL module *
 0001:000023e0       _deflate_slow              100033e0 f   * CIL library *:* CIL module *
 0001:000027e0       _deflate_rle               100037e0 f   * CIL library *:* CIL module *
 0001:00002a80       _deflate_huff              10003a80 f   * CIL library *:* CIL module *
 0001:00002c10       _gz_reset                  10003c10 f   * CIL library *:* CIL module *
 0001:00002c70       _gz_open                   10003c70 f   * CIL library *:* CIL module *
 0001:00002ee4       $LN56                      10003ee4     * CIL library *:* CIL module *
 0001:00002f10       $LN47                      10003f10     * CIL library *:* CIL module *
 0001:00003530       _gz_load                   10004530 f   * CIL library *:* CIL module *
 0001:000035b0       _gz_avail                  100045b0 f   * CIL library *:* CIL module *
 0001:00003630       _gz_look                   10004630 f   * CIL library *:* CIL module *
 0001:000037c0       _gz_decomp                 100047c0 f   * CIL library *:* CIL module *
 0001:000038c0       _gz_fetch                  100048c0 f   * CIL library *:* CIL module *
 0001:00003940       _gz_skip                   10004940 f   * CIL library *:* CIL module *
 0001:00003e30       _gz_init                   10004e30 f   * CIL library *:* CIL module *
 0001:00003f20       _gz_comp                   10004f20 f   * CIL library *:* CIL module *
 0001:00004060       _gz_zero                   10005060 f   * CIL library *:* CIL module *
 0001:000046c0       _fixedtables               100056c0 f   * CIL library *:* CIL module *
 0001:00005490       $LN470                     10006490     * CIL library *:* CIL module *
 0001:000054ac       $LN436                     100064ac     * CIL library *:* CIL module *
 0001:000054c0       $LN471                     100064c0     * CIL library *:* CIL module *
 0001:000057e0       _fixedtables               100067e0 f   * CIL library *:* CIL module *
 0001:00005800       _updatewindow              10006800 f   * CIL library *:* CIL module *
 0001:00006ed4       $LN837                     10007ed4     * CIL library *:* CIL module *
 0001:00006f50       $LN838                     10007f50     * CIL library *:* CIL module *
 0001:00007100       _syncsearch                10008100 f   * CIL library *:* CIL module *
 0001:00007980       _fopen64_file_func         10008980 f   * CIL library *:* CIL module *
 0001:000079d0       _fread_file_func           100089d0 f   * CIL library *:* CIL module *
 0001:000079f0       _fwrite_file_func          100089f0 f   * CIL library *:* CIL module *
 0001:00007a10       _ftell64_file_func         10008a10 f   * CIL library *:* CIL module *
 0001:00007a20       _fseek64_file_func         10008a20 f   * CIL library *:* CIL module *
 0001:00007a70       _fclose_file_func          10008a70 f   * CIL library *:* CIL module *
 0001:00007a80       _ferror_file_func          10008a80 f   * CIL library *:* CIL module *
 0001:00007ad0       _win32_translate_open_mode 10008ad0 f   * CIL library *:* CIL module *
 0001:00007b40       _win32_build_iowin         10008b40 f   * CIL library *:* CIL module *
 0001:00007ce0       _MySetFilePointerEx        10008ce0 f   * CIL library *:* CIL module *
 0001:00008020       _init_block                10009020 f   * CIL library *:* CIL module *
 0001:000080a0       _pqdownheap                100090a0 f   * CIL library *:* CIL module *
 0001:00008180       _gen_bitlen                10009180 f   * CIL library *:* CIL module *
 0001:000083d0       _gen_codes                 100093d0 f   * CIL library *:* CIL module *
 0001:00008440       _build_tree                10009440 f   * CIL library *:* CIL module *
 0001:00008650       _scan_tree                 10009650 f   * CIL library *:* CIL module *
 0001:00008740       _send_tree                 10009740 f   * CIL library *:* CIL module *
 0001:00008c30       _build_bl_tree             10009c30 f   * CIL library *:* CIL module *
 0001:00008d10       _send_all_trees            10009d10 f   * CIL library *:* CIL module *
 0001:000092d0       _compress_block            1000a2d0 f   * CIL library *:* CIL module *
 0001:000096b0       _detect_data_type          1000a6b0 f   * CIL library *:* CIL module *
 0001:00009720       _bi_reverse                1000a720 f   * CIL library *:* CIL module *
 0001:00009740       _bi_flush                  1000a740 f   * CIL library *:* CIL module *
 0001:000097c0       _bi_windup                 1000a7c0 f   * CIL library *:* CIL module *
 0001:00009820       _copy_block                1000a820 f   * CIL library *:* CIL module *
 0001:00009950       _unz64local_getByte        1000a950 f   * CIL library *:* CIL module *
 0001:00009950       _zip64local_getByte        1000a950 f   * CIL library *:* CIL module *
 0001:000099a0       _unz64local_getShort       1000a9a0 f   * CIL library *:* CIL module *
 0001:00009a10       _unz64local_getLong        1000aa10 f   * CIL library *:* CIL module *
 0001:00009ac0       _unz64local_getLong64      1000aac0 f   * CIL library *:* CIL module *
 0001:00009c30       _strcmpcasenosensitive_internal 1000ac30 f   * CIL library *:* CIL module *
 0001:00009cd0       _unz64local_SearchCentralDir 1000acd0 f   * CIL library *:* CIL module *
 0001:00009cd0       _zip64local_SearchCentralDir 1000acd0 f   * CIL library *:* CIL module *
 0001:00009e70       _unz64local_SearchCentralDir64 1000ae70 f   * CIL library *:* CIL module *
 0001:0000a100       _unzOpenInternal           1000b100 f   * CIL library *:* CIL module *
 0001:0000a6f0       _unz64local_DosDateToTmuDate 1000b6f0 f   * CIL library *:* CIL module *
 0001:0000a770       _unz64local_GetCurrentFileInfoInternal 1000b770 f   * CIL library *:* CIL module *
 0001:0000b140       _unz64local_CheckCurrentFileCoherencyHeader 1000c140 f   * CIL library *:* CIL module *
 0001:0000bc20       _decrypt_byte              1000cc20 f   * CIL library *:* CIL module *
 0001:0000bc40       _update_keys               1000cc40 f   * CIL library *:* CIL module *
 0001:0000bc90       _init_keys                 1000cc90 f   * CIL library *:* CIL module *
 0001:0000bce0       _crypthead                 1000cce0 f   * CIL library *:* CIL module *
 0001:0000be10       _allocate_new_datablock    1000ce10 f   * CIL library *:* CIL module *
 0001:0000be40       _free_datablock            1000ce40 f   * CIL library *:* CIL module *
 0001:0000be60       _init_linkedlist           1000ce60 f   * CIL library *:* CIL module *
 0001:0000be70       _free_linkedlist           1000ce70 f   * CIL library *:* CIL module *
 0001:0000be90       _add_data_in_datablock     1000ce90 f   * CIL library *:* CIL module *
 0001:0000bf40       _zip64local_putValue       1000cf40 f   * CIL library *:* CIL module *
[...]
 0001:000160c0       LeadUpVec                  100170c0     LIBCMT:memcpy.obj
 0001:0001613c       UnwindUpVec                1001713c     LIBCMT:memcpy.obj
 0001:000161a8       TrailUpVec                 100171a8     LIBCMT:memcpy.obj
 0001:0001624c       LeadDownVec                1001724c     LIBCMT:memcpy.obj
 0001:000162d8       UnwindDownVec              100172d8     LIBCMT:memcpy.obj
 0001:00016344       TrailDownVec               10017344     LIBCMT:memcpy.obj
 0001:000164f0       $$000000                   100174f0     LIBCMT:ulldiv.obj
 0001:00016782       _parse_cmdline             10017782 f   LIBCMT:stdargv.obj
 0001:00016e80       __onexit_nolock            10017e80 f   LIBCMT:onexit.obj
 0001:000171a7       _siglookup                 100181a7 f   LIBCMT:winsig.obj
 0001:000171f0       $$000000                   100181f0     LIBCMT:strlen.obj
 0001:000177e0       $$000000                   100187e0     LIBCMT:ulldvrm.obj
 0001:00017d58       ?__crtLCMapStringA_stat@@YAHPAUlocaleinfo_struct@@PB_WKPBDHPADHHH@Z 10018d58 f   LIBCMT:a_map.obj
 0001:00017fa3       ?__crtGetStringTypeA_stat@@YAHPAUlocaleinfo_struct@@KPBDHPAGHH@Z 10018fa3 f   LIBCMT:a_str.obj
 0001:00018800       $$000000                   10019800     LIBCMT:exsup.obj
 0001:00018820       __unwind_handler           10019820 f   LIBCMT:exsup.obj
 0001:00018b38       ?x_ismbbtype_l@@YAHPAUlocaleinfo_struct@@IHH@Z 10019b38 f   LIBCMT:ismbbyte.obj
 0001:00018ca0       $$000000                   10019ca0     LIBCMT:alloca16.obj
 0001:00018cd0       $$000000                   10019cd0     LIBCMT:strncmp.obj
 0001:00018e70       $$000000                   10019e70     LIBCMT:_strnicm.obj
 0001:000190d0       $$000000                   1001a0d0     LIBCMT:llmul.obj
 0001:00019110       $$000000                   1001a110     LIBCMT:lldiv.obj
 0002:00000128       _pinit                     1001b128     LIBCMT:mbctype.obj
 0002:0000012c       _pinit                     1001b12c     LIBCMT:_file.obj
 0002:00000130       _pinit                     1001b130     LIBCMT:onexit.obj
 0002:00000134       _pinit                     1001b134     LIBCMT:cpu_disp.obj
 0002:00000140       _pterm                     1001b140     LIBCMT:initcon.obj
 0002:00000144       _pterm                     1001b144     LIBCMT:wsetloca.obj
 0002:00000148       _pterm                     1001b148     LIBCMT:_file.obj
 0002:00000200       _rterrs                    1001b200     LIBCMT:crt0msg.obj
 0002:00000cdc       __mb_locale_names          1001bcdc     LIBCMT:mbctype.obj
 0002:00001460       ?ccsField@?P@??_openfile@@9@9 1001c460     LIBCMT:_open.obj
 0002:00001464       ?utf8encoding@?P@??_openfile@@9@9 1001c464     LIBCMT:_open.obj
 0002:0000146c       ?utf16encoding@?P@??_openfile@@9@9 1001c46c     LIBCMT:_open.obj
 0002:00001478       ?unicodeencoding@?P@??_openfile@@9@9 1001c478     LIBCMT:_open.obj
 0002:0000159c       _GS_ExceptionPointers      1001c59c     LIBCMT:gs_report.obj
 0002:00001dc0       __first_127char            1001cdc0     LIBCMT:wsetloca.obj
 0002:00001ea8       _crc_table                 1001cea8     * CIL library *:* CIL module *
 0002:00003ea8       _configuration_table       1001eea8     * CIL library *:* CIL module *
 0002:00003f20       ?my_version@?1??deflateInit2_@@9@9 1001ef20     * CIL library *:* CIL module *
 0002:00003f70       ?lenfix@?1??fixedtables@@9@9 1001ef70     * CIL library *:* CIL module *
 0002:00004770       ?order@?1??inflateBack@@9@9 1001f770     * CIL library *:* CIL module *
 0002:00004798       ?distfix@?1??fixedtables@@9@9 1001f798     * CIL library *:* CIL module *
 0002:00004818       ?lenfix@?1??fixedtables@@9@9 1001f818     * CIL library *:* CIL module *
 0002:00005018       ?order@?1??inflate@@9@9    10020018     * CIL library *:* CIL module *
 0002:00005040       ?distfix@?1??fixedtables@@9@9 10020040     * CIL library *:* CIL module *
 0002:000050c0       ?lext@?1??inflate_table@@9@9 100200c0     * CIL library *:* CIL module *
 0002:00005100       ?dbase@?1??inflate_table@@9@9 10020100     * CIL library *:* CIL module *
 0002:00005140       ?lbase@?1??inflate_table@@9@9 10020140     * CIL library *:* CIL module *
 0002:000051b0       ?dext@?1??inflate_table@@9@9 100201b0     * CIL library *:* CIL module *
 0002:000054f0       _static_dtree              100204f0     * CIL library *:* CIL module *
 0002:00005568       _static_ltree              10020568     * CIL library *:* CIL module *
 0002:000059e8       _extra_dbits               100209e8     * CIL library *:* CIL module *
 0002:00005a60       _base_length               10020a60     * CIL library *:* CIL module *
 0002:00005ad8       _extra_blbits              10020ad8     * CIL library *:* CIL module *
 0002:00005b28       _extra_lbits               10020b28     * CIL library *:* CIL module *
 0002:00005b9c       _bl_order                  10020b9c     * CIL library *:* CIL module *
 0002:00005bb0       _base_dist                 10020bb0     * CIL library *:* CIL module *
 0002:000060d0       __sehtable$__lseeki64      100210d0     LIBCMT:lseeki64.obj
 0002:000060f0       __sehtable$__wopen         100210f0     LIBCMT:wopen.obj
 0002:00006110       __sehtable$__sopen_helper  10021110     LIBCMT:open.obj
 0002:00006130       __sehtable$__open          10021130     LIBCMT:open.obj
 0002:00006150       __sehtable$__read          10021150     LIBCMT:read.obj
 0002:00006170       __sehtable$__close         10021170     LIBCMT:close.obj
 0002:00006190       __sehtable$__write         10021190     LIBCMT:write.obj
 0002:000061b0       __sehtable$__ftelli64      100211b0     LIBCMT:ftelli64.obj
 0002:000061d0       __sehtable$__fseeki64      100211d0     LIBCMT:fseeki64.obj
 0002:000061f0       __sehtable$__fsopen        100211f0     LIBCMT:fopen.obj
 0002:00006210       __sehtable$_fread_s        10021210     LIBCMT:fread.obj
 0002:00006230       __sehtable$_fwrite         10021230     LIBCMT:fwrite.obj
 0002:00006250       __sehtable$_fclose         10021250     LIBCMT:fclose.obj
 0002:00006270       __sehtable$__CRT_INIT@12   10021270     LIBCMT:dllcrt0.obj
 0002:00006290       __sehtable$___DllMainCRTStartup 10021290     LIBCMT:dllcrt0.obj
 0002:000062b0       __sehtable$__alloc_osfhnd  100212b0     LIBCMT:osfinfo.obj
 0002:000062d8       __sehtable$___lock_fhandle 100212d8     LIBCMT:osfinfo.obj
 0002:000062f8       __sehtable$__ioinitCallback@12 100212f8     LIBCMT:ioinit.obj
 0002:00006318       __sehtable$_doexit         10021318     LIBCMT:crt0dat.obj
 0002:00006338       __sehtable$___updatetlocinfo 10021338     LIBCMT:localref.obj
 0002:00006358       __sehtable$___updatetmbcinfo 10021358     LIBCMT:mbctype.obj
 0002:00006378       __sehtable$__setmbcp       10021378     LIBCMT:mbctype.obj
 0002:00006398       __sehtable$__freefls@4     10021398     LIBCMT:tidtable.obj
 0002:000063c0       __sehtable$__initptd       100213c0     LIBCMT:tidtable.obj
 0002:000063e8       __sehtable$_flsall         100213e8     LIBCMT:fflush.obj
 0002:00006410       __sehtable$__getstream     10021410     LIBCMT:stream.obj
 0002:00006430       __sehtable$__mtinitlocknum 10021430     LIBCMT:mlock.obj
 0002:00006450       __sehtable$__IsNonwritableInCurrentImage 10021450     LIBCMT:pesect.obj
 0002:00006470       __sehtable$__onexit        10021470     LIBCMT:onexit.obj
 0002:00006490       __sehtable$?terminate@@YAXXZ 10021490     LIBCMT:hooks.obj
 0002:000064b0       __sehtable$_raise          100214b0     LIBCMT:winsig.obj
 0002:000064d0       __sehtable$__fcloseall     100214d0     LIBCMT:closeall.obj
 0002:000064f0       __sehtable$__commit        100214f0     LIBCMT:commit.obj
 0002:00006510       __sehtable$__locterm       10021510     LIBCMT:wsetloca.obj
 0002:000066d4       .idata$6                   100216d4     kernel32:KERNEL32.dll
 0002:00006b90       .edata                     10021b90     zlibwapi.exp
 0002:00006bb8       rgpv                       10021bb8     zlibwapi.exp
 0002:00006e54       rgszName                   10021e54     zlibwapi.exp
 0002:00007038       rgwOrd                     10022038     zlibwapi.exp
 0002:0000712a       szName                     1002212a     zlibwapi.exp
 0002:00007137       $N00001                    10022137     zlibwapi.exp
 0002:0000713f       $N00140                    1002213f     zlibwapi.exp
 0002:0000714f       $N00039                    1002214f     zlibwapi.exp
 0002:00007159       $N00002                    10022159     zlibwapi.exp
 0002:00007162       $N00046                    10022162     zlibwapi.exp
 0002:00007170       $N00003                    10022170     zlibwapi.exp
 0002:00007176       $N00142                    10022176     zlibwapi.exp
 0002:00007184       $N00004                    10022184     zlibwapi.exp
 0002:0000718c       $N00047                    1002218c     zlibwapi.exp
 0002:00007199       $N00005                    10022199     zlibwapi.exp
 0002:000071a5       $N00006                    100221a5     zlibwapi.exp
 0002:000071b0       $N00007                    100221b0     zlibwapi.exp
 0002:000071be       $N00008                    100221be     zlibwapi.exp
 0002:000071cb       $N00009                    100221cb     zlibwapi.exp
 0002:000071d9       $N00052                    100221d9     zlibwapi.exp
 0002:000071e8       $N00051                    100221e8     zlibwapi.exp
 0002:000071f5       $N00010                    100221f5     zlibwapi.exp
 0002:00007202       $N00164                    10022202     zlibwapi.exp
 0002:00007213       $N00011                    10022213     zlibwapi.exp
 0002:00007228       $N00144                    10022228     zlibwapi.exp
 0002:00007239       $N00145                    10022239     zlibwapi.exp
 0002:00007245       $N00110                    10022245     zlibwapi.exp
 0002:00007259       $N00111                    10022259     zlibwapi.exp
 0002:0000726f       $N00112                    1002226f     zlibwapi.exp
 0002:00007286       $N00113                    10022286     zlibwapi.exp
 0002:0000729d       $N00038                    1002229d     zlibwapi.exp
 0002:000072ab       $N00146                    100222ab     zlibwapi.exp
 0002:000072b4       $N00048                    100222b4     zlibwapi.exp
 0002:000072bf       $N00012                    100222bf     zlibwapi.exp
 0002:000072c7       $N00147                    100222c7     zlibwapi.exp
 0002:000072d1       $N00148                    100222d1     zlibwapi.exp
 0002:000072db       $N00149                    100222db     zlibwapi.exp
 0002:000072e4       $N00013                    100222e4     zlibwapi.exp
 0002:000072ec       $N00034                    100222ec     zlibwapi.exp
 0002:000072f2       $N00014                    100222f2     zlibwapi.exp
 0002:000072fa       $N00015                    100222fa     zlibwapi.exp
 0002:00007302       $N00030                    10022302     zlibwapi.exp
 0002:00007309       $N00161                    10022309     zlibwapi.exp
 0002:00007311       $N00041                    10022311     zlibwapi.exp
 0002:00007318       $N00150                    10022318     zlibwapi.exp
 0002:00007321       $N00016                    10022321     zlibwapi.exp
 0002:00007328       $N00165                    10022328     zlibwapi.exp
 0002:00007331       $N00028                    10022331     zlibwapi.exp
 0002:0000733a       $N00029                    1002233a     zlibwapi.exp
 0002:00007341       $N00040                    10022341     zlibwapi.exp
 0002:00007348       $N00017                    10022348     zlibwapi.exp
 0002:0000734f       $N00032                    1002234f     zlibwapi.exp
 0002:00007358       $N00031                    10022358     zlibwapi.exp
 0002:0000735f       $N00035                    1002235f     zlibwapi.exp
 0002:0000736b       $N00033                    1002236b     zlibwapi.exp
 0002:00007372       $N00049                    10022372     zlibwapi.exp
 0002:0000737b       $N00167                    1002237b     zlibwapi.exp
 0002:00007385       $N00018                    10022385     zlibwapi.exp
 0002:0000738d       $N00019                    1002238d     zlibwapi.exp
 0002:00007395       $N00044                    10022395     zlibwapi.exp
 0002:000073a1       $N00045                    100223a1     zlibwapi.exp
 0002:000073b0       $N00043                    100223b0     zlibwapi.exp
 0002:000073c1       $N00042                    100223c1     zlibwapi.exp
 0002:000073cd       $N00020                    100223cd     zlibwapi.exp
 0002:000073d8       $N00166                    100223d8     zlibwapi.exp
 0002:000073ed       $N00156                    100223ed     zlibwapi.exp
 0002:000073fe       $N00021                    100223fe     zlibwapi.exp
 0002:0000740c       $N00022                    1002240c     zlibwapi.exp
 0002:00007419       $N00157                    10022419     zlibwapi.exp
 0002:00007425       $N00158                    10022425     zlibwapi.exp
 0002:00007432       $N00159                    10022432     zlibwapi.exp
 0002:00007440       $N00023                    10022440     zlibwapi.exp
 0002:0000744d       $N00163                    1002244d     zlibwapi.exp
 0002:0000745e       $N00024                    1002245e     zlibwapi.exp
 0002:00007473       $N00025                    10022473     zlibwapi.exp
 0002:0000747f       $N00037                    1002247f     zlibwapi.exp
 0002:00007490       $N00160                    10022490     zlibwapi.exp
 0002:000074a1       $N00026                    100224a1     zlibwapi.exp
 0002:000074ac       $N00062                    100224ac     zlibwapi.exp
 0002:000074b5       $N00072                    100224b5     zlibwapi.exp
 0002:000074c9       $N00124                    100224c9     zlibwapi.exp
 0002:000074e1       $N00064                    100224e1     zlibwapi.exp
 0002:000074f7       $N00125                    100224f7     zlibwapi.exp
 0002:00007515       $N00127                    10022515     zlibwapi.exp
 0002:00007525       $N00100                    10022525     zlibwapi.exp
 0002:00007533       $N00073                    10022533     zlibwapi.exp
 0002:00007547       $N00122                    10022547     zlibwapi.exp
 0002:0000755a       $N00063                    1002255a     zlibwapi.exp
 0002:0000756b       $N00076                    1002256b     zlibwapi.exp
 0002:00007581       $N00128                    10022581     zlibwapi.exp
 0002:00007592       $N00101                    10022592     zlibwapi.exp
 0002:000075a1       $N00065                    100225a1     zlibwapi.exp
 0002:000075b2       $N00066                    100225b2     zlibwapi.exp
 0002:000075c2       $N00075                    100225c2     zlibwapi.exp
 0002:000075d0       $N00077                    100225d0     zlibwapi.exp
 0002:000075d9       $N00121                    100225d9     zlibwapi.exp
 0002:000075e5       $N00120                    100225e5     zlibwapi.exp
 0002:000075ef       $N00061                    100225ef     zlibwapi.exp
 0002:000075f7       $N00078                    100225f7     zlibwapi.exp
 0002:0000760b       $N00069                    1002260b     zlibwapi.exp
 0002:0000761f       $N00067                    1002261f     zlibwapi.exp
 0002:00007632       $N00079                    10022632     zlibwapi.exp
 0002:0000764d       $N00068                    1002264d     zlibwapi.exp
 0002:00007660       $N00074                    10022660     zlibwapi.exp
 0002:00007679       $N00071                    10022679     zlibwapi.exp
 0002:00007680       $N00126                    10022680     zlibwapi.exp
 0002:0000768a       $N00070                    1002268a     zlibwapi.exp
 0002:00007692       $N00036                    10022692     zlibwapi.exp
 0002:00007699       $N00084                    10022699     zlibwapi.exp
 0002:000076a2       $N00083                    100226a2     zlibwapi.exp
 0002:000076b4       $N00136                    100226b4     zlibwapi.exp
 0002:000076cb       $N00087                    100226cb     zlibwapi.exp
 0002:000076e0       $N00088                    100226e0     zlibwapi.exp
 0002:000076e9       $N00131                    100226e9     zlibwapi.exp
 0002:000076f5       $N00130                    100226f5     zlibwapi.exp
 0002:000076ff       $N00080                    100226ff     zlibwapi.exp
 0002:00007707       $N00086                    10022707     zlibwapi.exp
 0002:0000771c       $N00133                    1002271c     zlibwapi.exp
 0002:00007734       $N00089                    10022734     zlibwapi.exp
 0002:00007749       $N00134                    10022749     zlibwapi.exp
 0002:00007761       $N00135                    10022761     zlibwapi.exp
 0002:00007779       $N00132                    10022779     zlibwapi.exp
 0002:0000778f       $N00081                    1002278f     zlibwapi.exp
 0002:000077a3       $N00082                    100227a3     zlibwapi.exp
 0002:000077b7       $N00050                    100227b7     zlibwapi.exp
 0002:000077c8       $N00027                    100227c8     zlibwapi.exp
 0003:00000010       _errtable                  10023010     LIBCMT:dosmap.obj
 0003:00000178       _ErrnoNoMem                10023178     LIBCMT:dosmap.obj
 0003:0000017c       _DoserrorNoMem             1002317c     LIBCMT:dosmap.obj
 0003:000002c0       ?isPackaged@?1??__crtIsPackagedApp@@9@9 100232c0     LIBCMT:winapisupp.obj
 0003:000002d0       ___rgctypeflag             100232d0     LIBCMT:mbctype.obj
 0003:000002d8       ___rgcode_page_info        100232d8     LIBCMT:mbctype.obj
 0003:00000cb0       __locktable                10023cb0     LIBCMT:mlock.obj
 0003:00000e88       __ctype_loc_style          10023e88     LIBCMT:wsetloca.obj
 0003:00000e90       _static_bl_desc            10023e90     * CIL library *:* CIL module *
 0003:00000ea4       _static_d_desc             10023ea4     * CIL library *:* CIL module *
 0003:00000eb8       _static_l_desc             10023eb8     * CIL library *:* CIL module *
 0003:00000ee8       ___proc_attached           10023ee8     LIBCMT:dllcrt0.obj
 0003:00000f38       ?outmsg@?8??_NMSG_WRITE@@9@9 10023f38     LIBCMT:crt0msg.obj
 0003:0000157c       _fSystemSet                1002457c     LIBCMT:mbctype.obj
 0003:00001588       ?_pgmname@?1??_setargv@@9@9 10024588     LIBCMT:stdargv.obj
 0003:00001690       _lclcritsects              10024690     LIBCMT:mlock.obj
 0003:000017ec       _g_pfnRtlGenRandom         100247ec     LIBCMT:rand_s.obj
 0003:000017f0       _ctrlc_action              100247f0     LIBCMT:winsig.obj
 0003:000017f4       _ctrlbreak_action          100247f4     LIBCMT:winsig.obj
 0003:000017f8       _abort_action              100247f8     LIBCMT:winsig.obj
 0003:000017fc       _term_action               100247fc     LIBCMT:winsig.obj
 0003:00001800       _ConsoleCtrlHandler_Installed 10024800     LIBCMT:winsig.obj
 0003:00001810       ?pfnMessageBox@?1??__crtMessageBoxW@@9@9 10024810     LIBCMT:crtmboxw.obj
 0003:00001814       ?pfnGetActiveWindow@?1??__crtMessageBoxW@@9@9 10024814     LIBCMT:crtmboxw.obj
 0003:00001818       ?pfnGetLastActivePopup@?1??__crtMessageBoxW@@9@9 10024818     LIBCMT:crtmboxw.obj
 0003:0000181c       ?pfnGetProcessWindowStation@?1??__crtMessageBoxW@@9@9 1002481c     LIBCMT:crtmboxw.obj
 0003:00001820       ?pfnGetUserObjectInformation@?1??__crtMessageBoxW@@9@9 10024820     LIBCMT:crtmboxw.obj
 0003:00001824       ___enable_percent_n        10024824     LIBCMT:printf.obj
 0003:00001830       _GS_ExceptionRecord        10024830     LIBCMT:gs_report.obj
 0003:00001880       _GS_ContextRecord          10024880     LIBCMT:gs_report.obj
 0003:00001b4c       _DebuggerWasPresent        10024b4c     LIBCMT:gs_report.obj
 0003:00001b60       ?calls@?1??crypthead@@9@9  10024b60     * CIL library *:* CIL module *
 0004:00000060       $R000000                   10026060     zlib.res
